Archive member included to satisfy reference by file (symbol)

Fusion/libFusion.a(FusionAhrs.c.obj)
                              main/CMakeFiles/pico_emb.dir/main.c.obj (FusionAhrsInitialise)
C:/Users/mathi/.pico-sdk/toolchain/14_2_Rel1/bin/../lib/gcc/arm-none-eabi/14.2.1/thumb/v8-m.main+fp/softfp\libm.a(libm_a-wf_sqrt.o)
                              main/CMakeFiles/pico_emb.dir/C_/Users/mathi/.pico-sdk/sdk/2.2.0/src/rp2_common/pico_float/float_math.c.obj (sqrtf)
C:/Users/mathi/.pico-sdk/toolchain/14_2_Rel1/bin/../lib/gcc/arm-none-eabi/14.2.1/thumb/v8-m.main+fp/softfp\libm.a(libm_a-ef_sqrt.o)
                              C:/Users/mathi/.pico-sdk/toolchain/14_2_Rel1/bin/../lib/gcc/arm-none-eabi/14.2.1/thumb/v8-m.main+fp/softfp\libm.a(libm_a-wf_sqrt.o) (__ieee754_sqrtf)
C:/Users/mathi/.pico-sdk/toolchain/14_2_Rel1/bin/../lib/gcc/arm-none-eabi/14.2.1/thumb/v8-m.main+fp/softfp\libgcc.a(_arm_addsubdf3.o)
                              main/CMakeFiles/pico_emb.dir/main.c.obj (__aeabi_f2d)
C:/Users/mathi/.pico-sdk/toolchain/14_2_Rel1/bin/../lib/gcc/arm-none-eabi/14.2.1/thumb/v8-m.main+fp/softfp\libgcc.a(_aeabi_ldivmod.o)
                              main/CMakeFiles/pico_emb.dir/__/FreeRTOS-Kernel/portable/ThirdParty/GCC/RP2350_ARM_NTZ/non_secure/port.c.obj (__aeabi_ldivmod)
C:/Users/mathi/.pico-sdk/toolchain/14_2_Rel1/bin/../lib/gcc/arm-none-eabi/14.2.1/thumb/v8-m.main+fp/softfp\libgcc.a(_aeabi_uldivmod.o)
                              main/CMakeFiles/pico_emb.dir/main.c.obj (__aeabi_uldivmod)
C:/Users/mathi/.pico-sdk/toolchain/14_2_Rel1/bin/../lib/gcc/arm-none-eabi/14.2.1/thumb/v8-m.main+fp/softfp\libgcc.a(_udivmoddi4.o)
                              C:/Users/mathi/.pico-sdk/toolchain/14_2_Rel1/bin/../lib/gcc/arm-none-eabi/14.2.1/thumb/v8-m.main+fp/softfp\libgcc.a(_aeabi_ldivmod.o) (__udivmoddi4)
C:/Users/mathi/.pico-sdk/toolchain/14_2_Rel1/bin/../lib/gcc/arm-none-eabi/14.2.1/thumb/v8-m.main+fp/softfp\libgcc.a(_dvmd_tls.o)
                              C:/Users/mathi/.pico-sdk/toolchain/14_2_Rel1/bin/../lib/gcc/arm-none-eabi/14.2.1/thumb/v8-m.main+fp/softfp\libgcc.a(_aeabi_ldivmod.o) (__aeabi_ldiv0)
C:/Users/mathi/.pico-sdk/toolchain/14_2_Rel1/bin/../lib/gcc/arm-none-eabi/14.2.1/thumb/v8-m.main+fp/softfp\libg.a(libc_a-calloc.o)
                              main/CMakeFiles/pico_emb.dir/C_/Users/mathi/.pico-sdk/sdk/2.2.0/src/rp2_common/pico_malloc/malloc.c.obj (calloc)
C:/Users/mathi/.pico-sdk/toolchain/14_2_Rel1/bin/../lib/gcc/arm-none-eabi/14.2.1/thumb/v8-m.main+fp/softfp\libg.a(libc_a-callocr.o)
                              C:/Users/mathi/.pico-sdk/toolchain/14_2_Rel1/bin/../lib/gcc/arm-none-eabi/14.2.1/thumb/v8-m.main+fp/softfp\libg.a(libc_a-calloc.o) (_calloc_r)
C:/Users/mathi/.pico-sdk/toolchain/14_2_Rel1/bin/../lib/gcc/arm-none-eabi/14.2.1/thumb/v8-m.main+fp/softfp\libg.a(libc_a-malloc.o)
                              main/CMakeFiles/pico_emb.dir/C_/Users/mathi/.pico-sdk/sdk/2.2.0/src/rp2_common/pico_malloc/malloc.c.obj (malloc)
C:/Users/mathi/.pico-sdk/toolchain/14_2_Rel1/bin/../lib/gcc/arm-none-eabi/14.2.1/thumb/v8-m.main+fp/softfp\libg.a(libc_a-mallocr.o)
                              C:/Users/mathi/.pico-sdk/toolchain/14_2_Rel1/bin/../lib/gcc/arm-none-eabi/14.2.1/thumb/v8-m.main+fp/softfp\libg.a(libc_a-callocr.o) (_malloc_r)
C:/Users/mathi/.pico-sdk/toolchain/14_2_Rel1/bin/../lib/gcc/arm-none-eabi/14.2.1/thumb/v8-m.main+fp/softfp\libg.a(libc_a-mlock.o)
                              C:/Users/mathi/.pico-sdk/toolchain/14_2_Rel1/bin/../lib/gcc/arm-none-eabi/14.2.1/thumb/v8-m.main+fp/softfp\libg.a(libc_a-mallocr.o) (__malloc_lock)
C:/Users/mathi/.pico-sdk/toolchain/14_2_Rel1/bin/../lib/gcc/arm-none-eabi/14.2.1/thumb/v8-m.main+fp/softfp\libg.a(libc_a-realloc.o)
                              main/CMakeFiles/pico_emb.dir/C_/Users/mathi/.pico-sdk/sdk/2.2.0/src/rp2_common/pico_malloc/malloc.c.obj (realloc)
C:/Users/mathi/.pico-sdk/toolchain/14_2_Rel1/bin/../lib/gcc/arm-none-eabi/14.2.1/thumb/v8-m.main+fp/softfp\libg.a(libc_a-reallocr.o)
                              C:/Users/mathi/.pico-sdk/toolchain/14_2_Rel1/bin/../lib/gcc/arm-none-eabi/14.2.1/thumb/v8-m.main+fp/softfp\libg.a(libc_a-realloc.o) (_realloc_r)
C:/Users/mathi/.pico-sdk/toolchain/14_2_Rel1/bin/../lib/gcc/arm-none-eabi/14.2.1/thumb/v8-m.main+fp/softfp\libg.a(libc_a-memcmp.o)
                              main/CMakeFiles/pico_emb.dir/C_/Users/mathi/.pico-sdk/sdk/2.2.0/src/rp2_common/pico_atomic/atomic.c.obj (memcmp)
C:/Users/mathi/.pico-sdk/toolchain/14_2_Rel1/bin/../lib/gcc/arm-none-eabi/14.2.1/thumb/v8-m.main+fp/softfp\libg.a(libc_a-memmove.o)
                              C:/Users/mathi/.pico-sdk/toolchain/14_2_Rel1/bin/../lib/gcc/arm-none-eabi/14.2.1/thumb/v8-m.main+fp/softfp\libg.a(libc_a-reallocr.o) (memmove)
C:/Users/mathi/.pico-sdk/toolchain/14_2_Rel1/bin/../lib/gcc/arm-none-eabi/14.2.1/thumb/v8-m.main+fp/softfp\libg.a(libc_a-memset.o)
[...]
Memory Configuration

Name             Origin             Length             Attributes
FLASH            0x10000000         0x00400000         xr
RAM              0x20000000         0x00080000         xrw
SCRATCH_X        0x20080000         0x00001000         xrw
SCRATCH_Y        0x20081000         0x00001000         xrw
*default*        0x00000000         0xffffffff

Linker script and memory map

LOAD C:/Users/mathi/.pico-sdk/toolchain/14_2_Rel1/bin/../lib/gcc/arm-none-eabi/14.2.1/thumb/v8-m.main+fp/softfp/crti.o
LOAD C:/Users/mathi/.pico-sdk/toolchain/14_2_Rel1/bin/../lib/gcc/arm-none-eabi/14.2.1/thumb/v8-m.main+fp/softfp/crtbegin.o
LOAD C:/Users/mathi/.pico-sdk/toolchain/14_2_Rel1/bin/../lib/gcc/arm-none-eabi/14.2.1/thumb/v8-m.main+fp/softfp/crt0.o

.flash_begin    0x10000000        0x0
                0x10000000                        __flash_binary_start = .

.text           0x10000000     0x9018
                0x10000000                        __logical_binary_start = .
 *(.vectors)
 .vectors       0x10000000      0x124 main/CMakeFiles/pico_emb.dir/C_/Users/mathi/.pico-sdk/sdk/2.2.0/src/rp2_common/pico_crt0/crt0.S.obj
                0x10000000                __VECTOR_TABLE
                0x10000000                __vectors
                0x10000110                __unhandled_user_irq
                0x10000110                isr_irq49
                0x10000110                isr_irq13
                0x10000110                isr_irq43
                0x10000110                isr_irq45
                0x10000110                isr_irq27
                0x10000110                isr_irq32
                0x10000110                isr_irq31
                0x10000110                isr_irq12
                0x10000110                isr_irq5
                0x10000110                isr_irq11
                0x10000110                isr_irq3
                0x10000110                isr_irq23
                0x10000110                isr_usagefault
                0x10000110                isr_irq48
                0x10000110                isr_irq30
                0x10000110                isr_irq18
                0x10000110                isr_irq50
                0x10000110                isr_irq33
                0x10000110                isr_irq40
                0x10000110                isr_irq28
                0x10000110                isr_irq19
                0x10000110                isr_irq36
                0x10000110                isr_irq41
                0x10000110                isr_irq0
                0x10000110                isr_irq6
                0x10000110                isr_irq26
                0x10000110                isr_irq29
                0x10000110                isr_memmanage
                0x10000110                isr_irq37
                0x10000110                isr_irq42
                0x10000110                isr_irq22
                0x10000110                isr_irq35
                0x10000110                isr_irq17
                0x10000110                isr_irq38
                0x10000110                isr_irq14
                0x10000110                __vectors_end
                0x10000110                __default_isrs_start
                0x10000110                isr_irq2
                0x10000110                isr_irq10
                0x10000110                isr_irq8
                0x10000110                isr_debugmonitor
                0x10000110                isr_irq24
                0x10000110                isr_irq46
                0x10000110                isr_irq1
                0x10000110                isr_irq47
                0x10000110                isr_irq51
                0x10000110                isr_irq7
                0x10000110                isr_irq21
                0x10000110                isr_irq39
                0x10000110                isr_irq20
                0x10000110                isr_irq15
                0x10000110                isr_irq25
                0x10000110                isr_irq34
                0x10000110                isr_irq44
                0x10000110                isr_securefault
                0x10000110                isr_irq4
                0x10000110                isr_busfault
                0x10000110                isr_irq16
                0x10000110                isr_irq9
                0x10000116                unhandled_user_irq_num_in_r0
                0x10000118                isr_invalid
                0x1000011a                isr_nmi
                0x1000011c                isr_hardfault
                0x1000011e                isr_svcall
                0x10000120                isr_pendsv
                0x10000122                isr_systick
                0x10000124                __default_isrs_end
 *(.binary_info_header)
 .binary_info_header
                0x10000124       0x14 main/CMakeFiles/pico_emb.dir/C_/Users/mathi/.pico-sdk/sdk/2.2.0/src/rp2_common/pico_crt0/crt0.S.obj
                0x10000138                        __binary_info_header_end = .
 *(.embedded_block)
 .embedded_block
                0x10000138       0x14 main/CMakeFiles/pico_emb.dir/C_/Users/mathi/.pico-sdk/sdk/2.2.0/src/rp2_common/pico_crt0/crt0.S.obj
                0x1000014c                        __embedded_block_end = .
 *(.reset)
 .reset         0x1000014c       0x98 main/CMakeFiles/pico_emb.dir/C_/Users/mathi/.pico-sdk/sdk/2.2.0/src/rp2_common/pico_crt0/crt0.S.obj
                0x1000014c                _entry_point
 *(.init)
 .init          0x100001e4        0x4 C:/Users/mathi/.pico-sdk/toolchain/14_2_Rel1/bin/../lib/gcc/arm-none-eabi/14.2.1/thumb/v8-m.main+fp/softfp/crti.o
                0x100001e4                _init
 SORT_BY_NAME(REVERSE(*libgcc.a:cmse_nonsecure_call.o))()
 *(EXCLUDE_FILE(*libm.a: *libc.a:*lib_a-mem*.o *libgcc.a:) .text*)
 .text.register_tm_clones
                0x100001e8       0x28 C:/Users/mathi/.pico-sdk/toolchain/14_2_Rel1/bin/../lib/gcc/arm-none-eabi/14.2.1/thumb/v8-m.main+fp/softfp/crtbegin.o
 .text.frame_dummy
                0x10000210       0x24 C:/Users/mathi/.pico-sdk/toolchain/14_2_Rel1/bin/../lib/gcc/arm-none-eabi/14.2.1/thumb/v8-m.main+fp/softfp/crtbegin.o
 .text.uart_task
                0x10000234       0xe8 main/CMakeFiles/pico_emb.dir/main.c.obj
 .text.mpu6050_reset
                0x1000031c       0x24 main/CMakeFiles/pico_emb.dir/main.c.obj
 .text.mpu6050_read_raw
                0x10000340       0xf0 main/CMakeFiles/pico_emb.dir/main.c.obj
 .text.calibrate_gyro_bias
                0x10000430       0xc0 main/CMakeFiles/pico_emb.dir/main.c.obj
 .text.mpu6050_task
                0x100004f0      0x3cc main/CMakeFiles/pico_emb.dir/main.c.obj
 .text.setup_buttons
                0x100008bc       0xf0 main/CMakeFiles/pico_emb.dir/main.c.obj
 .text.gpio_callback
                0x100009ac       0xf0 main/CMakeFiles/pico_emb.dir/main.c.obj
 .text.main     0x10000a9c       0x58 main/CMakeFiles/pico_emb.dir/main.c.obj
                0x10000a9c                main
 .text.panic    0x10000af4       0x30 main/CMakeFiles/pico_emb.dir/C_/Users/mathi/.pico-sdk/sdk/2.2.0/src/rp2_common/pico_platform_panic/panic.c.obj
                0x10000af4                panic
 .text.prvHeapInit
                0x10000b24       0x58 main/CMakeFiles/pico_emb.dir/__/FreeRTOS-Kernel/portable/MemMang/heap_4.c.obj
 .text.prvInsertBlockIntoFreeList
                0x10000b7c       0x8c main/CMakeFiles/pico_emb.dir/__/FreeRTOS-Kernel/portable/MemMang/heap_4.c.obj
 .text.pvPortMalloc
                0x10000c08      0x17c main/CMakeFiles/pico_emb.dir/__/FreeRTOS-Kernel/portable/MemMang/heap_4.c.obj
                0x10000c08                pvPortMalloc
 .text.vPortFree
                0x10000d84       0xa4 main/CMakeFiles/pico_emb.dir/__/FreeRTOS-Kernel/portable/MemMang/heap_4.c.obj
                0x10000d84                vPortFree
 .text.prvSetupFPU
                0x10000e28       0x1e main/CMakeFiles/pico_emb.dir/__/FreeRTOS-Kernel/portable/ThirdParty/GCC/RP2350_ARM_NTZ/non_secure/port.c.obj
 *fill*         0x10000e46        0x2 
 .text.prvTaskExitError
                0x10000e48       0x40 main/CMakeFiles/pico_emb.dir/__/FreeRTOS-Kernel/portable/ThirdParty/GCC/RP2350_ARM_NTZ/non_secure/port.c.obj
 .text.SysTick_Handler
                0x10000e88       0x22 main/CMakeFiles/pico_emb.dir/__/FreeRTOS-Kernel/portable/ThirdParty/GCC/RP2350_ARM_NTZ/non_secure/port.c.obj
                0x10000e88                SysTick_Handler
 *fill*         0x10000eaa        0x2 
 .text.prvDoorbellInterruptHandler
                0x10000eac       0x94 main/CMakeFiles/pico_emb.dir/__/FreeRTOS-Kernel/portable/ThirdParty/GCC/RP2350_ARM_NTZ/non_secure/port.c.obj
 .text.prvGetTicksToWaitBefore
                0x10000f40       0x34 main/CMakeFiles/pico_emb.dir/__/FreeRTOS-Kernel/portable/ThirdParty/GCC/RP2350_ARM_NTZ/non_secure/port.c.obj
 .text.vPortSetupTimerInterrupt
                0x10000f74       0x2c main/CMakeFiles/pico_emb.dir/__/FreeRTOS-Kernel/portable/ThirdParty/GCC/RP2350_ARM_NTZ/non_secure/port.c.obj
                0x10000f74                vPortSetupTimerInterrupt
 .text.vPortYield
                0x10000fa0       0x16 main/CMakeFiles/pico_emb.dir/__/FreeRTOS-Kernel/portable/ThirdParty/GCC/RP2350_ARM_NTZ/non_secure/port.c.obj
                0x10000fa0                vPortYield
 *fill*         0x10000fb6        0x2 
 .text.vPortEnterCritical
                0x10000fb8       0x1c main/CMakeFiles/pico_emb.dir/__/FreeRTOS-Kernel/portable/ThirdParty/GCC/RP2350_ARM_NTZ/non_secure/port.c.obj
                0x10000fb8                vPortEnterCritical
 .text.vPortExitCritical
                0x10000fd4       0x3c main/CMakeFiles/pico_emb.dir/__/FreeRTOS-Kernel/portable/ThirdParty/GCC/RP2350_ARM_NTZ/non_secure/port.c.obj
                0x10000fd4                vPortExitCritical
 .text.vPortSVCHandler_C
                0x10001010       0x30 main/CMakeFiles/pico_emb.dir/__/FreeRTOS-Kernel/portable/ThirdParty/GCC/RP2350_ARM_NTZ/non_secure/port.c.obj
                0x10001010                vPortSVCHandler_C
 .text.pxPortInitialiseStack
                0x10001040       0x90 main/CMakeFiles/pico_emb.dir/__/FreeRTOS-Kernel/portable/ThirdParty/GCC/RP2350_ARM_NTZ/non_secure/port.c.obj
                0x10001040                pxPortInitialiseStack
 .text.xPortStartScheduler
                0x100010d0      0x15c main/CMakeFiles/pico_emb.dir/__/FreeRTOS-Kernel/portable/ThirdParty/GCC/RP2350_ARM_NTZ/non_secure/port.c.obj
                0x100010d0                xPortStartScheduler
 .text.vPortValidateInterruptPriority
                0x1000122c       0x64 main/CMakeFiles/pico_emb.dir/__/FreeRTOS-Kernel/portable/ThirdParty/GCC/RP2350_ARM_NTZ/non_secure/port.c.obj
                0x1000122c                vPortValidateInterruptPriority
 .text.ulPortLockGetCurrentOwnerId
                0x10001290       0x2c main/CMakeFiles/pico_emb.dir/__/FreeRTOS-Kernel/portable/ThirdParty/GCC/RP2350_ARM_NTZ/non_secure/port.c.obj
                0x10001290                ulPortLockGetCurrentOwnerId
 .text.vPortLockInternalSpinUnlockWithNotify
                0x100012bc       0xfc main/CMakeFiles/pico_emb.dir/__/FreeRTOS-Kernel/portable/ThirdParty/GCC/RP2350_ARM_NTZ/non_secure/port.c.obj
                0x100012bc                vPortLockInternalSpinUnlockWithNotify
 .text.xPortLockInternalSpinUnlockWithBestEffortWaitOrTimeout
                0x100013b8       0xf0 main/CMakeFiles/pico_emb.dir/__/FreeRTOS-Kernel/portable/ThirdParty/GCC/RP2350_ARM_NTZ/non_secure/port.c.obj
                0x100013b8                xPortLockInternalSpinUnlockWithBestEffortWaitOrTimeout
 .text.prvRuntimeInitializer
                0x100014a8       0x24 main/CMakeFiles/pico_emb.dir/__/FreeRTOS-Kernel/portable/ThirdParty/GCC/RP2350_ARM_NTZ/non_secure/port.c.obj
 .text.vRestoreContextOfFirstTask
                0x100014cc       0x2c main/CMakeFiles/pico_emb.dir/__/FreeRTOS-Kernel/portable/ThirdParty/GCC/RP2350_ARM_NTZ/non_secure/portasm.c.obj
                0x100014cc                vRestoreContextOfFirstTask
 .text.vStartFirstTask
                0x100014f8       0x10 main/CMakeFiles/pico_emb.dir/__/FreeRTOS-Kernel/portable/ThirdParty/GCC/RP2350_ARM_NTZ/non_secure/portasm.c.obj
                0x100014f8                vStartFirstTask
 .text.ulSetInterruptMask
                0x10001508       0x16 main/CMakeFiles/pico_emb.dir/__/FreeRTOS-Kernel/portable/ThirdParty/GCC/RP2350_ARM_NTZ/non_secure/portasm.c.obj
                0x10001508                ulSetInterruptMask
 .text.vClearInterruptMask
                0x1000151e        0xe main/CMakeFiles/pico_emb.dir/__/FreeRTOS-Kernel/portable/ThirdParty/GCC/RP2350_ARM_NTZ/non_secure/portasm.c.obj
                0x1000151e                vClearInterruptMask
 .text.PendSV_Handler
                0x1000152c       0x80 main/CMakeFiles/pico_emb.dir/__/FreeRTOS-Kernel/portable/ThirdParty/GCC/RP2350_ARM_NTZ/non_secure/portasm.c.obj
                0x1000152c                PendSV_Handler
 .text.SVC_Handler
                0x100015ac       0x18 main/CMakeFiles/pico_emb.dir/__/FreeRTOS-Kernel/portable/ThirdParty/GCC/RP2350_ARM_NTZ/non_secure/portasm.c.obj
                0x100015ac                SVC_Handler
 .text.prvTestWaitCondition
                0x100015c4       0x1a main/CMakeFiles/pico_emb.dir/__/FreeRTOS-Kernel/event_groups.c.obj
 .text.xEventGroupCreate
                0x100015de       0x1a main/CMakeFiles/pico_emb.dir/__/FreeRTOS-Kernel/event_groups.c.obj
                0x100015de                xEventGroupCreate
 .text.xEventGroupWaitBits
                0x100015f8      0x114 main/CMakeFiles/pico_emb.dir/__/FreeRTOS-Kernel/event_groups.c.obj
                0x100015f8                xEventGroupWaitBits
 .text.xEventGroupSetBits
                0x1000170c       0x98 main/CMakeFiles/pico_emb.dir/__/FreeRTOS-Kernel/event_groups.c.obj
                0x1000170c                xEventGroupSetBits
 .text.vEventGroupSetBitsCallback
                0x100017a4        0x8 main/CMakeFiles/pico_emb.dir/__/FreeRTOS-Kernel/event_groups.c.obj
                0x100017a4                vEventGroupSetBitsCallback
 .text.xEventGroupSetBitsFromISR
                0x100017ac       0x14 main/CMakeFiles/pico_emb.dir/__/FreeRTOS-Kernel/event_groups.c.obj
                0x100017ac                xEventGroupSetBitsFromISR
 .text.vListInitialise
                0x100017c0       0x16 main/CMakeFiles/pico_emb.dir/__/FreeRTOS-Kernel/list.c.obj
                0x100017c0                vListInitialise
 .text.vListInitialiseItem
                0x100017d6        0x6 main/CMakeFiles/pico_emb.dir/__/FreeRTOS-Kernel/list.c.obj
                0x100017d6                vListInitialiseItem
 .text.vListInsert
                0x100017dc       0x32 main/CMakeFiles/pico_emb.dir/__/FreeRTOS-Kernel/list.c.obj
                0x100017dc                vListInsert
 .text.uxListRemove
                0x1000180e       0x24 main/CMakeFiles/pico_emb.dir/__/FreeRTOS-Kernel/list.c.obj
                0x1000180e                uxListRemove
 .text.prvGetDisinheritPriorityAfterTimeout
                0x10001832       0x10 main/CMakeFiles/pico_emb.dir/__/FreeRTOS-Kernel/queue.c.obj
 .text.prvIsQueueFull
                0x10001842       0x1e main/CMakeFiles/pico_emb.dir/__/FreeRTOS-Kernel/queue.c.obj
 .text.prvIsQueueEmpty
                0x10001860       0x1a main/CMakeFiles/pico_emb.dir/__/FreeRTOS-Kernel/queue.c.obj
 .text.prvCopyDataToQueue
                0x1000187a       0x76 main/CMakeFiles/pico_emb.dir/__/FreeRTOS-Kernel/queue.c.obj
 .text.prvCopyDataFromQueue
                0x100018f0       0x24 main/CMakeFiles/pico_emb.dir/__/FreeRTOS-Kernel/queue.c.obj
 .text.prvNotifyQueueSetContainer
                0x10001914       0xa4 main/CMakeFiles/pico_emb.dir/__/FreeRTOS-Kernel/queue.c.obj
 .text.prvUnlockQueue
                0x100019b8       0x82 main/CMakeFiles/pico_emb.dir/__/FreeRTOS-Kernel/queue.c.obj
 *fill*         0x10001a3a        0x2 
 .text.xQueueGenericReset
                0x10001a3c       0xa8 main/CMakeFiles/pico_emb.dir/__/FreeRTOS-Kernel/queue.c.obj
                0x10001a3c                xQueueGenericReset
 .text.prvInitialiseNewQueue
                0x10001ae4       0x26 main/CMakeFiles/pico_emb.dir/__/FreeRTOS-Kernel/queue.c.obj
 *fill*         0x10001b0a        0x2 
 .text.xQueueGenericCreate
                0x10001b0c       0x60 main/CMakeFiles/pico_emb.dir/__/FreeRTOS-Kernel/queue.c.obj
                0x10001b0c                xQueueGenericCreate
 .text.xQueueGenericSend
                0x10001b6c      0x180 main/CMakeFiles/pico_emb.dir/__/FreeRTOS-Kernel/queue.c.obj
                0x10001b6c                xQueueGenericSend
 .text.xQueueGenericSendFromISR
                0x10001cec      0x12c main/CMakeFiles/pico_emb.dir/__/FreeRTOS-Kernel/queue.c.obj
                0x10001cec                xQueueGenericSendFromISR
 .text.xQueueGiveFromISR
                0x10001e18       0xf4 main/CMakeFiles/pico_emb.dir/__/FreeRTOS-Kernel/queue.c.obj
                0x10001e18                xQueueGiveFromISR
 .text.xQueueReceive
                0x10001f0c      0x148 main/CMakeFiles/pico_emb.dir/__/FreeRTOS-Kernel/queue.c.obj
                0x10001f0c                xQueueReceive
 .text.xQueueSemaphoreTake
                0x10002054      0x17c main/CMakeFiles/pico_emb.dir/__/FreeRTOS-Kernel/queue.c.obj
                0x10002054                xQueueSemaphoreTake
 .text.vQueueAddToRegistry
                0x100021d0       0x64 main/CMakeFiles/pico_emb.dir/__/FreeRTOS-Kernel/queue.c.obj
                0x100021d0                vQueueAddToRegistry
 .text.vQueueWaitForMessageRestricted
                0x10002234       0x52 main/CMakeFiles/pico_emb.dir/__/FreeRTOS-Kernel/queue.c.obj
                0x10002234                vQueueWaitForMessageRestricted
 *fill*         0x10002286        0x2 
 .text.prvResetNextTaskUnblockTime
                0x10002288       0x28 main/CMakeFiles/pico_emb.dir/__/FreeRTOS-Kernel/tasks.c.obj
 .text.prvDeleteTCB
                0x100022b0       0x12 main/CMakeFiles/pico_emb.dir/__/FreeRTOS-Kernel/tasks.c.obj
 *fill*         0x100022c2        0x2 
 .text.prvInitialiseNewTask
                0x100022c4       0xac main/CMakeFiles/pico_emb.dir/__/FreeRTOS-Kernel/tasks.c.obj
 .text.prvCreateTask
                0x10002370       0x5c main/CMakeFiles/pico_emb.dir/__/FreeRTOS-Kernel/tasks.c.obj
 .text.prvInitialiseTaskLists
                0x100023cc       0x68 main/CMakeFiles/pico_emb.dir/__/FreeRTOS-Kernel/tasks.c.obj
 .text.prvAddNewTaskToReadyList
                0x10002434       0xc0 main/CMakeFiles/pico_emb.dir/__/FreeRTOS-Kernel/tasks.c.obj
 .text.prvCheckTasksWaitingTermination
                0x100024f4       0x4c main/CMakeFiles/pico_emb.dir/__/FreeRTOS-Kernel/tasks.c.obj
 .text.prvIdleTask
                0x10002540       0x18 main/CMakeFiles/pico_emb.dir/__/FreeRTOS-Kernel/tasks.c.obj
 .text.prvAddCurrentTaskToDelayedList
                0x10002558       0xc4 main/CMakeFiles/pico_emb.dir/__/FreeRTOS-Kernel/tasks.c.obj
 .text.xTaskCreate
                0x1000261c       0x22 main/CMakeFiles/pico_emb.dir/__/FreeRTOS-Kernel/tasks.c.obj
                0x1000261c                xTaskCreate
 *fill*         0x1000263e        0x2 
 .text.prvCreateIdleTasks
                0x10002640       0x54 main/CMakeFiles/pico_emb.dir/__/FreeRTOS-Kernel/tasks.c.obj
 .text.vTaskStartScheduler
                0x10002694       0x68 main/CMakeFiles/pico_emb.dir/__/FreeRTOS-Kernel/tasks.c.obj
                0x10002694                vTaskStartScheduler
 .text.vTaskSuspendAll
                0x100026fc       0x10 main/CMakeFiles/pico_emb.dir/__/FreeRTOS-Kernel/tasks.c.obj
                0x100026fc                vTaskSuspendAll
 .text.xTaskGetTickCount
                0x1000270c        0xc main/CMakeFiles/pico_emb.dir/__/FreeRTOS-Kernel/tasks.c.obj
                0x1000270c                xTaskGetTickCount
 .text.uxTaskGetNumberOfTasks
                0x10002718        0xc main/CMakeFiles/pico_emb.dir/__/FreeRTOS-Kernel/tasks.c.obj
                0x10002718                uxTaskGetNumberOfTasks
 .text.xTaskIncrementTick
                0x10002724      0x180 main/CMakeFiles/pico_emb.dir/__/FreeRTOS-Kernel/tasks.c.obj
                0x10002724                xTaskIncrementTick
 .text.xTaskResumeAll
                0x100028a4      0x150 main/CMakeFiles/pico_emb.dir/__/FreeRTOS-Kernel/tasks.c.obj
                0x100028a4                xTaskResumeAll
 .text.xTaskDelayUntil
                0x100029f4       0xac main/CMakeFiles/pico_emb.dir/__/FreeRTOS-Kernel/tasks.c.obj
                0x100029f4                xTaskDelayUntil
 .text.vTaskDelay
                0x10002aa0       0x44 main/CMakeFiles/pico_emb.dir/__/FreeRTOS-Kernel/tasks.c.obj
                0x10002aa0                vTaskDelay
 .text.vTaskSwitchContext
                0x10002ae4       0xa0 main/CMakeFiles/pico_emb.dir/__/FreeRTOS-Kernel/tasks.c.obj
                0x10002ae4                vTaskSwitchContext
 .text.vTaskPlaceOnEventList
                0x10002b84       0x38 main/CMakeFiles/pico_emb.dir/__/FreeRTOS-Kernel/tasks.c.obj
                0x10002b84                vTaskPlaceOnEventList
 .text.vTaskPlaceOnUnorderedEventList
                0x10002bbc       0x78 main/CMakeFiles/pico_emb.dir/__/FreeRTOS-Kernel/tasks.c.obj
                0x10002bbc                vTaskPlaceOnUnorderedEventList
 .text.vTaskPlaceOnEventListRestricted
                0x10002c34       0x5c main/CMakeFiles/pico_emb.dir/__/FreeRTOS-Kernel/tasks.c.obj
                0x10002c34                vTaskPlaceOnEventListRestricted
 .text.xTaskRemoveFromEventList
                0x10002c90       0xfc main/CMakeFiles/pico_emb.dir/__/FreeRTOS-Kernel/tasks.c.obj
                0x10002c90                xTaskRemoveFromEventList
 .text.vTaskRemoveFromUnorderedEventList
                0x10002d8c       0xf0 main/CMakeFiles/pico_emb.dir/__/FreeRTOS-Kernel/tasks.c.obj
                0x10002d8c                vTaskRemoveFromUnorderedEventList
 .text.vTaskInternalSetTimeOutState
                0x10002e7c       0x18 main/CMakeFiles/pico_emb.dir/__/FreeRTOS-Kernel/tasks.c.obj
                0x10002e7c                vTaskInternalSetTimeOutState
 .text.xTaskCheckForTimeOut
                0x10002e94       0xac main/CMakeFiles/pico_emb.dir/__/FreeRTOS-Kernel/tasks.c.obj
                0x10002e94                xTaskCheckForTimeOut
 .text.vTaskMissedYield
                0x10002f40        0xc main/CMakeFiles/pico_emb.dir/__/FreeRTOS-Kernel/tasks.c.obj
                0x10002f40                vTaskMissedYield
 .text.xTaskGetCurrentTaskHandle
                0x10002f4c        0xc main/CMakeFiles/pico_emb.dir/__/FreeRTOS-Kernel/tasks.c.obj
                0x10002f4c                xTaskGetCurrentTaskHandle
 .text.xTaskGetSchedulerState
                0x10002f58       0x20 main/CMakeFiles/pico_emb.dir/__/FreeRTOS-Kernel/tasks.c.obj
                0x10002f58                xTaskGetSchedulerState
 .text.xTaskPriorityInherit
                0x10002f78       0xc8 main/CMakeFiles/pico_emb.dir/__/FreeRTOS-Kernel/tasks.c.obj
                0x10002f78                xTaskPriorityInherit
 .text.xTaskPriorityDisinherit
                0x10003040       0xcc main/CMakeFiles/pico_emb.dir/__/FreeRTOS-Kernel/tasks.c.obj
                0x10003040                xTaskPriorityDisinherit
 .text.vTaskPriorityDisinheritAfterTimeout
                0x1000310c       0xdc main/CMakeFiles/pico_emb.dir/__/FreeRTOS-Kernel/tasks.c.obj
                0x1000310c                vTaskPriorityDisinheritAfterTimeout
 .text.uxTaskResetEventItemValue
                0x100031e8       0x18 main/CMakeFiles/pico_emb.dir/__/FreeRTOS-Kernel/tasks.c.obj
                0x100031e8                uxTaskResetEventItemValue
 .text.pvTaskIncrementMutexHeldCount
                0x10003200       0x14 main/CMakeFiles/pico_emb.dir/__/FreeRTOS-Kernel/tasks.c.obj
                0x10003200                pvTaskIncrementMutexHeldCount
 .text.prvGetNextExpireTime
                0x10003214       0x20 main/CMakeFiles/pico_emb.dir/__/FreeRTOS-Kernel/timers.c.obj
 .text.prvInsertTimerInActiveList
                0x10003234       0x48 main/CMakeFiles/pico_emb.dir/__/FreeRTOS-Kernel/timers.c.obj
 .text.prvReloadTimer
                0x1000327c       0x28 main/CMakeFiles/pico_emb.dir/__/FreeRTOS-Kernel/timers.c.obj
 .text.prvProcessExpiredTimer
                0x100032a4       0x40 main/CMakeFiles/pico_emb.dir/__/FreeRTOS-Kernel/timers.c.obj
 .text.prvSwitchTimerLists
                0x100032e4       0x30 main/CMakeFiles/pico_emb.dir/__/FreeRTOS-Kernel/timers.c.obj
 .text.prvSampleTimeNow
                0x10003314       0x2c main/CMakeFiles/pico_emb.dir/__/FreeRTOS-Kernel/timers.c.obj
 .text.prvProcessTimerOrBlockTask
                0x10003340       0x68 main/CMakeFiles/pico_emb.dir/__/FreeRTOS-Kernel/timers.c.obj
 .text.prvProcessReceivedCommands
                0x100033a8      0x114 main/CMakeFiles/pico_emb.dir/__/FreeRTOS-Kernel/timers.c.obj
 .text.prvTimerTask
                0x100034bc       0x16 main/CMakeFiles/pico_emb.dir/__/FreeRTOS-Kernel/timers.c.obj
 *fill*         0x100034d2        0x2 
 .text.prvCheckForValidListAndQueue
                0x100034d4       0x5c main/CMakeFiles/pico_emb.dir/__/FreeRTOS-Kernel/timers.c.obj
 .text.xTimerCreateTimerTask
                0x10003530       0x58 main/CMakeFiles/pico_emb.dir/__/FreeRTOS-Kernel/timers.c.obj
                0x10003530                xTimerCreateTimerTask
 .text.xTimerPendFunctionCallFromISR
                0x10003588       0x28 main/CMakeFiles/pico_emb.dir/__/FreeRTOS-Kernel/timers.c.obj
                0x10003588                xTimerPendFunctionCallFromISR
 .text.clock_configure_internal
                0x100035b0       0xb8 main/CMakeFiles/pico_emb.dir/C_/Users/mathi/.pico-sdk/sdk/2.2.0/src/rp2_common/hardware_clocks/clocks.c.obj
 .text.clock_configure_undivided
                0x10003668       0x12 main/CMakeFiles/pico_emb.dir/C_/Users/mathi/.pico-sdk/sdk/2.2.0/src/rp2_common/hardware_clocks/clocks.c.obj
                0x10003668                clock_configure_undivided
 *fill*         0x1000367a        0x2 
 .text.clock_get_hz
                0x1000367c        0xc main/CMakeFiles/pico_emb.dir/C_/Users/mathi/.pico-sdk/sdk/2.2.0/src/rp2_common/hardware_clocks/clocks.c.obj
                0x1000367c                clock_get_hz
 .text.hw_claim_lock
                0x10003688       0x24 main/CMakeFiles/pico_emb.dir/C_/Users/mathi/.pico-sdk/sdk/2.2.0/src/common/hardware_claim/claim.c.obj
                0x10003688                hw_claim_lock
 .text.hw_claim_unlock
                0x100036ac       0x14 main/CMakeFiles/pico_emb.dir/C_/Users/mathi/.pico-sdk/sdk/2.2.0/src/common/hardware_claim/claim.c.obj
                0x100036ac                hw_claim_unlock
 .text.hw_claim_or_assert
                0x100036c0       0x32 main/CMakeFiles/pico_emb.dir/C_/Users/mathi/.pico-sdk/sdk/2.2.0/src/common/hardware_claim/claim.c.obj
                0x100036c0                hw_claim_or_assert
 *fill*         0x100036f2        0x2 
 .text.next_striped_spin_lock_num
                0x100036f4       0x1c main/CMakeFiles/pico_emb.dir/C_/Users/mathi/.pico-sdk/sdk/2.2.0/src/rp2_common/hardware_sync/sync.c.obj
                0x100036f4                next_striped_spin_lock_num
 .text.spinlock_set_extexclall
                0x10003710        0xe main/CMakeFiles/pico_emb.dir/C_/Users/mathi/.pico-sdk/sdk/2.2.0/src/rp2_common/hardware_sync_spin_lock/sync_spin_lock.c.obj
 *fill*         0x1000371e        0x2 
 .text.spin_locks_reset
                0x10003720       0x1c main/CMakeFiles/pico_emb.dir/C_/Users/mathi/.pico-sdk/sdk/2.2.0/src/rp2_common/hardware_sync_spin_lock/sync_spin_lock.c.obj
                0x10003720                spin_locks_reset
 .text.gpio_default_irq_handler
                0x1000373c       0x8c main/CMakeFiles/pico_emb.dir/C_/Users/mathi/.pico-sdk/sdk/2.2.0/src/rp2_common/hardware_gpio/gpio.c.obj
 .text._gpio_set_irq_enabled
                0x100037c8       0x38 main/CMakeFiles/pico_emb.dir/C_/Users/mathi/.pico-sdk/sdk/2.2.0/src/rp2_common/hardware_gpio/gpio.c.obj
 .text.gpio_set_function
                0x10003800       0x38 main/CMakeFiles/pico_emb.dir/C_/Users/mathi/.pico-sdk/sdk/2.2.0/src/rp2_common/hardware_gpio/gpio.c.obj
                0x10003800                gpio_set_function
 .text.gpio_set_pulls
                0x10003838       0x38 main/CMakeFiles/pico_emb.dir/C_/Users/mathi/.pico-sdk/sdk/2.2.0/src/rp2_common/hardware_gpio/gpio.c.obj
                0x10003838                gpio_set_pulls
 .text.gpio_set_irq_enabled
                0x10003870       0x50 main/CMakeFiles/pico_emb.dir/C_/Users/mathi/.pico-sdk/sdk/2.2.0/src/rp2_common/hardware_gpio/gpio.c.obj
                0x10003870                gpio_set_irq_enabled
 .text.gpio_set_irq_callback
                0x100038c0       0x44 main/CMakeFiles/pico_emb.dir/C_/Users/mathi/.pico-sdk/sdk/2.2.0/src/rp2_common/hardware_gpio/gpio.c.obj
                0x100038c0                gpio_set_irq_callback
 .text.gpio_set_irq_enabled_with_callback
                0x10003904       0x26 main/CMakeFiles/pico_emb.dir/C_/Users/mathi/.pico-sdk/sdk/2.2.0/src/rp2_common/hardware_gpio/gpio.c.obj
                0x10003904                gpio_set_irq_enabled_with_callback
 .text.gpio_init
                0x1000392a       0x16 main/CMakeFiles/pico_emb.dir/C_/Users/mathi/.pico-sdk/sdk/2.2.0/src/rp2_common/hardware_gpio/gpio.c.obj
                0x1000392a                gpio_init
 .text.set_raw_irq_handler_and_unlock
                0x10003940       0x24 main/CMakeFiles/pico_emb.dir/C_/Users/mathi/.pico-sdk/sdk/2.2.0/src/rp2_common/hardware_irq/irq.c.obj
 .text.nvic_ipr0
                0x10003964        0x8 main/CMakeFiles/pico_emb.dir/C_/Users/mathi/.pico-sdk/sdk/2.2.0/src/rp2_common/hardware_irq/irq.c.obj
 .text.runtime_init_per_core_irq_priorities
                0x1000396c       0x1c main/CMakeFiles/pico_emb.dir/C_/Users/mathi/.pico-sdk/sdk/2.2.0/src/rp2_common/hardware_irq/irq.c.obj
                0x1000396c                runtime_init_per_core_irq_priorities
 .text.resolve_j_16
                0x10003988       0x40 main/CMakeFiles/pico_emb.dir/C_/Users/mathi/.pico-sdk/sdk/2.2.0/src/rp2_common/hardware_irq/irq.c.obj
 .text.make_j_16
                0x100039c8       0x3c main/CMakeFiles/pico_emb.dir/C_/Users/mathi/.pico-sdk/sdk/2.2.0/src/rp2_common/hardware_irq/irq.c.obj
 .text.insert_bl_32
                0x10003a04       0x3c main/CMakeFiles/pico_emb.dir/C_/Users/mathi/.pico-sdk/sdk/2.2.0/src/rp2_common/hardware_irq/irq.c.obj
 .text.irq_is_enabled
                0x10003a40       0x20 main/CMakeFiles/pico_emb.dir/C_/Users/mathi/.pico-sdk/sdk/2.2.0/src/rp2_common/hardware_irq/irq.c.obj
                0x10003a40                irq_is_enabled
 .text.irq_set_mask_n_enabled
                0x10003a60       0x20 main/CMakeFiles/pico_emb.dir/C_/Users/mathi/.pico-sdk/sdk/2.2.0/src/rp2_common/hardware_irq/irq.c.obj
                0x10003a60                irq_set_mask_n_enabled
 .text.irq_set_enabled
                0x10003a80       0x14 main/CMakeFiles/pico_emb.dir/C_/Users/mathi/.pico-sdk/sdk/2.2.0/src/rp2_common/hardware_irq/irq.c.obj
                0x10003a80                irq_set_enabled
 .text.irq_get_vtable_handler
                0x10003a94       0x10 main/CMakeFiles/pico_emb.dir/C_/Users/mathi/.pico-sdk/sdk/2.2.0/src/rp2_common/hardware_irq/irq.c.obj
                0x10003a94                irq_get_vtable_handler
 .text.irq_has_handler
                0x10003aa4       0x20 main/CMakeFiles/pico_emb.dir/C_/Users/mathi/.pico-sdk/sdk/2.2.0/src/rp2_common/hardware_irq/irq.c.obj
                0x10003aa4                irq_has_handler
 .text.irq_set_exclusive_handler
                0x10003ac4       0x60 main/CMakeFiles/pico_emb.dir/C_/Users/mathi/.pico-sdk/sdk/2.2.0/src/rp2_common/hardware_irq/irq.c.obj
                0x10003ac4                irq_set_exclusive_handler
 .text.irq_add_shared_handler
                0x10003b24      0x234 main/CMakeFiles/pico_emb.dir/C_/Users/mathi/.pico-sdk/sdk/2.2.0/src/rp2_common/hardware_irq/irq.c.obj
                0x10003b24                irq_add_shared_handler
 .text.irq_remove_handler
                0x10003d58      0x178 main/CMakeFiles/pico_emb.dir/C_/Users/mathi/.pico-sdk/sdk/2.2.0/src/rp2_common/hardware_irq/irq.c.obj
                0x10003d58                irq_remove_handler
 .text.irq_set_priority
                0x10003ed0       0x2a main/CMakeFiles/pico_emb.dir/C_/Users/mathi/.pico-sdk/sdk/2.2.0/src/rp2_common/hardware_irq/irq.c.obj
                0x10003ed0                irq_set_priority
 *fill*         0x10003efa        0x2 
 .text.irq_add_tail_to_free_list
                0x10003efc       0xf8 main/CMakeFiles/pico_emb.dir/C_/Users/mathi/.pico-sdk/sdk/2.2.0/src/rp2_common/hardware_irq/irq.c.obj
                0x10003efc                irq_add_tail_to_free_list
 .text.lock_init
                0x10003ff4        0xc main/CMakeFiles/pico_emb.dir/C_/Users/mathi/.pico-sdk/sdk/2.2.0/src/common/pico_sync/lock_core.c.obj
                0x10003ff4                lock_init
 .text.mutex_init
                0x10004000       0x1c main/CMakeFiles/pico_emb.dir/C_/Users/mathi/.pico-sdk/sdk/2.2.0/src/common/pico_sync/mutex.c.obj
                0x10004000                mutex_init
 .text.recursive_mutex_init
                0x1000401c       0x20 main/CMakeFiles/pico_emb.dir/C_/Users/mathi/.pico-sdk/sdk/2.2.0/src/common/pico_sync/mutex.c.obj
                0x1000401c                recursive_mutex_init
 .text.runtime_init_mutex
                0x1000403c       0x4c main/CMakeFiles/pico_emb.dir/C_/Users/mathi/.pico-sdk/sdk/2.2.0/src/common/pico_sync/mutex.c.obj
                0x1000403c                runtime_init_mutex
 .text.ta_from_current_irq
                0x10004088       0x24 main/CMakeFiles/pico_emb.dir/C_/Users/mathi/.pico-sdk/sdk/2.2.0/src/common/pico_time/time.c.obj
 .text.ta_set_timeout
                0x100040ac       0x2a main/CMakeFiles/pico_emb.dir/C_/Users/mathi/.pico-sdk/sdk/2.2.0/src/common/pico_time/time.c.obj
 .text.make_alarm_id
                0x100040d6        0x6 main/CMakeFiles/pico_emb.dir/C_/Users/mathi/.pico-sdk/sdk/2.2.0/src/common/pico_time/time.c.obj
 .text.alarm_pool_irq_handler
                0x100040dc      0x2ec main/CMakeFiles/pico_emb.dir/C_/Users/mathi/.pico-sdk/sdk/2.2.0/src/common/pico_time/time.c.obj
 .text.ta_enable_irq_handler
                0x100043c8       0x38 main/CMakeFiles/pico_emb.dir/C_/Users/mathi/.pico-sdk/sdk/2.2.0/src/common/pico_time/time.c.obj
 .text.alarm_pool_post_alloc_init
                0x10004400       0x7c main/CMakeFiles/pico_emb.dir/C_/Users/mathi/.pico-sdk/sdk/2.2.0/src/common/pico_time/time.c.obj
 .text.sleep_until_callback
                0x1000447c       0x34 main/CMakeFiles/pico_emb.dir/C_/Users/mathi/.pico-sdk/sdk/2.2.0/src/common/pico_time/time.c.obj
 .text.alarm_pool_get_default
                0x100044b0       0x28 main/CMakeFiles/pico_emb.dir/C_/Users/mathi/.pico-sdk/sdk/2.2.0/src/common/pico_time/time.c.obj
                0x100044b0                alarm_pool_get_default
 .text.alarm_pool_add_alarm_at_force_in_context
                0x100044d8       0xc0 main/CMakeFiles/pico_emb.dir/C_/Users/mathi/.pico-sdk/sdk/2.2.0/src/common/pico_time/time.c.obj
                0x100044d8                alarm_pool_add_alarm_at_force_in_context
 .text.alarm_pool_add_alarm_at
                0x10004598       0x38 main/CMakeFiles/pico_emb.dir/C_/Users/mathi/.pico-sdk/sdk/2.2.0/src/common/pico_time/time.c.obj
                0x10004598                alarm_pool_add_alarm_at
 .text.add_alarm_at
                0x100045d0       0x26 main/CMakeFiles/pico_emb.dir/C_/Users/mathi/.pico-sdk/sdk/2.2.0/src/common/pico_time/time.c.obj
 .text.alarm_pool_cancel_alarm
                0x100045f6       0x72 main/CMakeFiles/pico_emb.dir/C_/Users/mathi/.pico-sdk/sdk/2.2.0/src/common/pico_time/time.c.obj
                0x100045f6                alarm_pool_cancel_alarm
 .text.cancel_alarm
                0x10004668       0x10 main/CMakeFiles/pico_emb.dir/C_/Users/mathi/.pico-sdk/sdk/2.2.0/src/common/pico_time/time.c.obj
 .text.best_effort_wfe_or_timeout
                0x10004678       0xfc main/CMakeFiles/pico_emb.dir/C_/Users/mathi/.pico-sdk/sdk/2.2.0/src/common/pico_time/time.c.obj
                0x10004678                best_effort_wfe_or_timeout
 .text.alarm_pool_get_default_timer
                0x10004774        0x8 main/CMakeFiles/pico_emb.dir/C_/Users/mathi/.pico-sdk/sdk/2.2.0/src/common/pico_time/time.c.obj
                0x10004774                alarm_pool_get_default_timer
 .text.runtime_init_default_alarm_pool
                0x1000477c       0x34 main/CMakeFiles/pico_emb.dir/C_/Users/mathi/.pico-sdk/sdk/2.2.0/src/common/pico_time/time.c.obj
                0x1000477c                runtime_init_default_alarm_pool
 .text.timer_hardware_alarm_claim
                0x100047b0       0x24 main/CMakeFiles/pico_emb.dir/C_/Users/mathi/.pico-sdk/sdk/2.2.0/src/rp2_common/hardware_timer/timer.c.obj
                0x100047b0                timer_hardware_alarm_claim
 .text.timer_time_us_64
                0x100047d4       0x10 main/CMakeFiles/pico_emb.dir/C_/Users/mathi/.pico-sdk/sdk/2.2.0/src/rp2_common/hardware_timer/timer.c.obj
                0x100047d4                timer_time_us_64
 .text.timer_busy_wait_until
                0x100047e4       0x1a main/CMakeFiles/pico_emb.dir/C_/Users/mathi/.pico-sdk/sdk/2.2.0/src/rp2_common/hardware_timer/timer.c.obj
                0x100047e4                timer_busy_wait_until
 .text.timer_busy_wait_us
                0x100047fe       0x28 main/CMakeFiles/pico_emb.dir/C_/Users/mathi/.pico-sdk/sdk/2.2.0/src/rp2_common/hardware_timer/timer.c.obj
                0x100047fe                timer_busy_wait_us
 *fill*         0x10004826        0x2 
 .text.time_us_64
                0x10004828       0x10 main/CMakeFiles/pico_emb.dir/C_/Users/mathi/.pico-sdk/sdk/2.2.0/src/rp2_common/hardware_timer/timer.c.obj
                0x10004828                time_us_64
 .text.busy_wait_us
                0x10004838       0x14 main/CMakeFiles/pico_emb.dir/C_/Users/mathi/.pico-sdk/sdk/2.2.0/src/rp2_common/hardware_timer/timer.c.obj
                0x10004838                busy_wait_us
 .text.pll_init
                0x1000484c      0x108 main/CMakeFiles/pico_emb.dir/C_/Users/mathi/.pico-sdk/sdk/2.2.0/src/rp2_common/hardware_pll/pll.c.obj
                0x1000484c                pll_init
 .text.tick_start
                0x10004954       0x1c main/CMakeFiles/pico_emb.dir/C_/Users/mathi/.pico-sdk/sdk/2.2.0/src/rp2_common/hardware_ticks/ticks.c.obj
                0x10004954                tick_start
 .text.rom_func_lookup
                0x10004970       0x1e main/CMakeFiles/pico_emb.dir/C_/Users/mathi/.pico-sdk/sdk/2.2.0/src/rp2_common/pico_bootrom/bootrom.c.obj
                0x10004970                rom_func_lookup
 *fill*         0x1000498e        0x2 
 .text.runtime_init_bootrom_locking_enable
                0x10004990       0x14 main/CMakeFiles/pico_emb.dir/C_/Users/mathi/.pico-sdk/sdk/2.2.0/src/rp2_common/pico_bootrom/bootrom_lock.c.obj
                0x10004990                runtime_init_bootrom_locking_enable
 .text.boot_locks_reset
                0x100049a4       0x20 main/CMakeFiles/pico_emb.dir/C_/Users/mathi/.pico-sdk/sdk/2.2.0/src/rp2_common/hardware_boot_lock/boot_lock.c.obj
                0x100049a4                boot_locks_reset
 .text.runtime_init_boot_locks_reset
                0x100049c4        0x8 main/CMakeFiles/pico_emb.dir/C_/Users/mathi/.pico-sdk/sdk/2.2.0/src/rp2_common/hardware_boot_lock/boot_lock.c.obj
                0x100049c4                runtime_init_boot_locks_reset
 .text.xosc_init
                0x100049cc       0x28 main/CMakeFiles/pico_emb.dir/C_/Users/mathi/.pico-sdk/sdk/2.2.0/src/rp2_common/hardware_xosc/xosc.c.obj
                0x100049cc                xosc_init
 .text.exception_is_compile_time_default
                0x100049f4       0x20 main/CMakeFiles/pico_emb.dir/C_/Users/mathi/.pico-sdk/sdk/2.2.0/src/rp2_common/hardware_exception/exception.c.obj
 .text.set_raw_exception_handler_and_restore_interrupts
                0x10004a14       0x18 main/CMakeFiles/pico_emb.dir/C_/Users/mathi/.pico-sdk/sdk/2.2.0/src/rp2_common/hardware_exception/exception.c.obj
 .text.exception_get_vtable_handler
                0x10004a2c       0x10 main/CMakeFiles/pico_emb.dir/C_/Users/mathi/.pico-sdk/sdk/2.2.0/src/rp2_common/hardware_exception/exception.c.obj
                0x10004a2c                exception_get_vtable_handler
 .text.exception_set_exclusive_handler
                0x10004a3c       0x44 main/CMakeFiles/pico_emb.dir/C_/Users/mathi/.pico-sdk/sdk/2.2.0/src/rp2_common/hardware_exception/exception.c.obj
                0x10004a3c                exception_set_exclusive_handler
 .text.multicore_doorbell_claim_under_lock
                0x10004a80       0x80 main/CMakeFiles/pico_emb.dir/C_/Users/mathi/.pico-sdk/sdk/2.2.0/src/rp2_common/pico_multicore/multicore.c.obj
 .text.multicore_doorbell_claim_unused
                0x10004b00       0x40 main/CMakeFiles/pico_emb.dir/C_/Users/mathi/.pico-sdk/sdk/2.2.0/src/rp2_common/pico_multicore/multicore.c.obj
                0x10004b00                multicore_doorbell_claim_unused
 .text.i2c_unreset
                0x10004b40       0x2c main/CMakeFiles/pico_emb.dir/C_/Users/mathi/.pico-sdk/sdk/2.2.0/src/rp2_common/hardware_i2c/i2c.c.obj
 .text.i2c_write_blocking_internal
                0x10004b6c      0x124 main/CMakeFiles/pico_emb.dir/C_/Users/mathi/.pico-sdk/sdk/2.2.0/src/rp2_common/hardware_i2c/i2c.c.obj
 .text.i2c_read_blocking_internal
                0x10004c90       0xca main/CMakeFiles/pico_emb.dir/C_/Users/mathi/.pico-sdk/sdk/2.2.0/src/rp2_common/hardware_i2c/i2c.c.obj
 *fill*         0x10004d5a        0x2 
 .text.i2c_set_baudrate
                0x10004d5c       0xc8 main/CMakeFiles/pico_emb.dir/C_/Users/mathi/.pico-sdk/sdk/2.2.0/src/rp2_common/hardware_i2c/i2c.c.obj
                0x10004d5c                i2c_set_baudrate
 .text.i2c_init
                0x10004e24       0x54 main/CMakeFiles/pico_emb.dir/C_/Users/mathi/.pico-sdk/sdk/2.2.0/src/rp2_common/hardware_i2c/i2c.c.obj
                0x10004e24                i2c_init
 .text.i2c_write_blocking
                0x10004e78       0x18 main/CMakeFiles/pico_emb.dir/C_/Users/mathi/.pico-sdk/sdk/2.2.0/src/rp2_common/hardware_i2c/i2c.c.obj
                0x10004e78                i2c_write_blocking
 .text.i2c_read_blocking
                0x10004e90       0x18 main/CMakeFiles/pico_emb.dir/C_/Users/mathi/.pico-sdk/sdk/2.2.0/src/rp2_common/hardware_i2c/i2c.c.obj
                0x10004e90                i2c_read_blocking
 .text.uart_unreset
                0x10004ea8       0x2c main/CMakeFiles/pico_emb.dir/C_/Users/mathi/.pico-sdk/sdk/2.2.0/src/rp2_common/hardware_uart/uart.c.obj
 .text.uart_disable_before_lcr_write
                0x10004ed4       0x40 main/CMakeFiles/pico_emb.dir/C_/Users/mathi/.pico-sdk/sdk/2.2.0/src/rp2_common/hardware_uart/uart.c.obj
 .text.uart_write_lcr_bits_masked
                0x10004f14       0x1c main/CMakeFiles/pico_emb.dir/C_/Users/mathi/.pico-sdk/sdk/2.2.0/src/rp2_common/hardware_uart/uart.c.obj
 .text.uart_set_baudrate
                0x10004f30       0x52 main/CMakeFiles/pico_emb.dir/C_/Users/mathi/.pico-sdk/sdk/2.2.0/src/rp2_common/hardware_uart/uart.c.obj
                0x10004f30                uart_set_baudrate
 *fill*         0x10004f82        0x2 
 .text.uart_set_translate_crlf
                0x10004f84       0x24 main/CMakeFiles/pico_emb.dir/C_/Users/mathi/.pico-sdk/sdk/2.2.0/src/rp2_common/hardware_uart/uart.c.obj
                0x10004f84                uart_set_translate_crlf
 .text.uart_init
                0x10004fa8       0x5c main/CMakeFiles/pico_emb.dir/C_/Users/mathi/.pico-sdk/sdk/2.2.0/src/rp2_common/hardware_uart/uart.c.obj
                0x10004fa8                uart_init
 .text.runtime_run_initializers_from
                0x10005004       0x18 main/CMakeFiles/pico_emb.dir/C_/Users/mathi/.pico-sdk/sdk/2.2.0/src/rp2_common/pico_runtime/runtime.c.obj
 .text.first_per_core_initializer
                0x1000501c        0x2 main/CMakeFiles/pico_emb.dir/C_/Users/mathi/.pico-sdk/sdk/2.2.0/src/rp2_common/pico_runtime/runtime.c.obj
 *fill*         0x1000501e        0x2 
 .text.runtime_run_initializers
                0x10005020       0x10 main/CMakeFiles/pico_emb.dir/C_/Users/mathi/.pico-sdk/sdk/2.2.0/src/rp2_common/pico_runtime/runtime.c.obj
                0x10005020                runtime_run_initializers
 .text.runtime_init_early_resets
                0x10005030       0x2c main/CMakeFiles/pico_emb.dir/C_/Users/mathi/.pico-sdk/sdk/2.2.0/src/rp2_common/pico_runtime_init/runtime_init.c.obj
                0x10005030                runtime_init_early_resets
 .text.runtime_init_usb_power_down
                0x1000505c       0x20 main/CMakeFiles/pico_emb.dir/C_/Users/mathi/.pico-sdk/sdk/2.2.0/src/rp2_common/pico_runtime_init/runtime_init.c.obj
                0x1000505c                runtime_init_usb_power_down
 .text.runtime_init_per_core_enable_coprocessors
                0x1000507c       0x1c main/CMakeFiles/pico_emb.dir/C_/Users/mathi/.pico-sdk/sdk/2.2.0/src/rp2_common/pico_runtime_init/runtime_init.c.obj
                0x1000507c                runtime_init_per_core_enable_coprocessors
 .text.runtime_init_post_clock_resets
                0x10005098       0x20 main/CMakeFiles/pico_emb.dir/C_/Users/mathi/.pico-sdk/sdk/2.2.0/src/rp2_common/pico_runtime_init/runtime_init.c.obj
                0x10005098                runtime_init_post_clock_resets
 .text.runtime_init_bootrom_reset
                0x100050b8       0x12 main/CMakeFiles/pico_emb.dir/C_/Users/mathi/.pico-sdk/sdk/2.2.0/src/rp2_common/pico_runtime_init/runtime_init.c.obj
                0x100050b8                runtime_init_bootrom_reset
 .text.runtime_init_per_core_bootrom_reset
                0x100050ca       0x12 main/CMakeFiles/pico_emb.dir/C_/Users/mathi/.pico-sdk/sdk/2.2.0/src/rp2_common/pico_runtime_init/runtime_init.c.obj
                0x100050ca                runtime_init_per_core_bootrom_reset
 .text.runtime_init_spin_locks_reset
                0x100050dc        0x8 main/CMakeFiles/pico_emb.dir/C_/Users/mathi/.pico-sdk/sdk/2.2.0/src/rp2_common/pico_runtime_init/runtime_init.c.obj
                0x100050dc                runtime_init_spin_locks_reset
 .text.runtime_init_install_ram_vector_table
                0x100050e4       0x48 main/CMakeFiles/pico_emb.dir/C_/Users/mathi/.pico-sdk/sdk/2.2.0/src/rp2_common/pico_runtime_init/runtime_init.c.obj
                0x100050e4                runtime_init_install_ram_vector_table
 .text.start_all_ticks
                0x1000512c       0x28 main/CMakeFiles/pico_emb.dir/C_/Users/mathi/.pico-sdk/sdk/2.2.0/src/rp2_common/pico_runtime_init/runtime_init_clocks.c.obj
 .text.runtime_init_clocks
                0x10005154       0xc4 main/CMakeFiles/pico_emb.dir/C_/Users/mathi/.pico-sdk/sdk/2.2.0/src/rp2_common/pico_runtime_init/runtime_init_clocks.c.obj
                0x10005154                runtime_init_clocks
 .text.__rp2350_dcp_engaged_state_save_restore
                0x10005218       0x3a main/CMakeFiles/pico_emb.dir/C_/Users/mathi/.pico-sdk/sdk/2.2.0/src/rp2_common/pico_double/double_aeabi_dcp.S.obj
 *fill*         0x10005252        0x2 
 .text.__wrap___aeabi_dadd
                0x10005254       0x28 main/CMakeFiles/pico_emb.dir/C_/Users/mathi/.pico-sdk/sdk/2.2.0/src/rp2_common/pico_double/double_aeabi_dcp.S.obj
                0x1000525c                __wrap___aeabi_dadd
 .text.__wrap___aeabi_dsub
                0x1000527c       0x28 main/CMakeFiles/pico_emb.dir/C_/Users/mathi/.pico-sdk/sdk/2.2.0/src/rp2_common/pico_double/double_aeabi_dcp.S.obj
                0x10005284                __wrap___aeabi_dsub
 .text.__wrap___aeabi_dmul
                0x100052a4       0x4c main/CMakeFiles/pico_emb.dir/C_/Users/mathi/.pico-sdk/sdk/2.2.0/src/rp2_common/pico_double/double_aeabi_dcp.S.obj
                0x100052ac                __wrap___aeabi_dmul
 .text.__wrap___aeabi_ddiv
                0x100052f0       0x9c main/CMakeFiles/pico_emb.dir/C_/Users/mathi/.pico-sdk/sdk/2.2.0/src/rp2_common/pico_double/double_aeabi_dcp.S.obj
                0x100052f8                __wrap___aeabi_ddiv
 .text.__wrap___aeabi_d2f
                0x1000538c       0x1c main/CMakeFiles/pico_emb.dir/C_/Users/mathi/.pico-sdk/sdk/2.2.0/src/rp2_common/pico_double/double_aeabi_dcp.S.obj
                0x10005394                __wrap___aeabi_d2f
                0x10005394                double2float
 .text.__wrap___aeabi_i2d
                0x100053a8       0x24 main/CMakeFiles/pico_emb.dir/C_/Users/mathi/.pico-sdk/sdk/2.2.0/src/rp2_common/pico_double/double_aeabi_dcp.S.obj
                0x100053b0                int2double
                0x100053b0                __wrap___aeabi_i2d
 .text.__wrap___aeabi_ui2d
                0x100053cc       0x24 main/CMakeFiles/pico_emb.dir/C_/Users/mathi/.pico-sdk/sdk/2.2.0/src/rp2_common/pico_double/double_aeabi_dcp.S.obj
                0x100053d4                uint2double
                0x100053d4                __wrap___aeabi_ui2d
 .text.__wrap___aeabi_d2iz
                0x100053f0       0x24 main/CMakeFiles/pico_emb.dir/C_/Users/mathi/.pico-sdk/sdk/2.2.0/src/rp2_common/pico_double/double_aeabi_dcp.S.obj
                0x100053f8                double2int_z
                0x100053f8                __wrap___aeabi_d2iz
 .text.__wrap___aeabi_d2uiz
                0x10005414       0x24 main/CMakeFiles/pico_emb.dir/C_/Users/mathi/.pico-sdk/sdk/2.2.0/src/rp2_common/pico_double/double_aeabi_dcp.S.obj
                0x1000541c                double2uint
                0x1000541c                __wrap___aeabi_d2uiz
                0x1000541c                double2uint_z
 .text.__wrap___aeabi_dcmpun
                0x10005438       0x24 main/CMakeFiles/pico_emb.dir/C_/Users/mathi/.pico-sdk/sdk/2.2.0/src/rp2_common/pico_double/double_aeabi_dcp.S.obj
                0x10005440                __wrap___aeabi_dcmpun
 .text.__wrap___aeabi_dcmplt
                0x1000545c       0x28 main/CMakeFiles/pico_emb.dir/C_/Users/mathi/.pico-sdk/sdk/2.2.0/src/rp2_common/pico_double/double_aeabi_dcp.S.obj
                0x10005464                __wrap___aeabi_dcmplt
 .text.__wrap___aeabi_dcmple
                0x10005484       0x28 main/CMakeFiles/pico_emb.dir/C_/Users/mathi/.pico-sdk/sdk/2.2.0/src/rp2_common/pico_double/double_aeabi_dcp.S.obj
                0x1000548c                __wrap___aeabi_dcmple
 .text.__wrap___aeabi_dcmpge
                0x100054ac       0x28 main/CMakeFiles/pico_emb.dir/C_/Users/mathi/.pico-sdk/sdk/2.2.0/src/rp2_common/pico_double/double_aeabi_dcp.S.obj
                0x100054b4                __wrap___aeabi_dcmpge
 .text.__wrap___aeabi_dcmpgt
                0x100054d4       0x28 main/CMakeFiles/pico_emb.dir/C_/Users/mathi/.pico-sdk/sdk/2.2.0/src/rp2_common/pico_double/double_aeabi_dcp.S.obj
                0x100054dc                __wrap___aeabi_dcmpgt
 .text.dpack    0x100054fc       0x58 main/CMakeFiles/pico_emb.dir/C_/Users/mathi/.pico-sdk/sdk/2.2.0/src/rp2_common/pico_double/double_sci_m33.S.obj
 .text.dreduce  0x10005554       0x7a main/CMakeFiles/pico_emb.dir/C_/Users/mathi/.pico-sdk/sdk/2.2.0/src/rp2_common/pico_double/double_sci_m33.S.obj
 *fill*         0x100055ce        0x2 
 .text.exptab   0x100055d0      0x1fc main/CMakeFiles/pico_emb.dir/C_/Users/mathi/.pico-sdk/sdk/2.2.0/src/rp2_common/pico_double/double_sci_m33.S.obj
                0x100055d0                exptab0
                0x10005630                exptab1
                0x100056c0                exptab2
                0x10005740                logtab0
 .text.__wrap_exp
                0x100057cc      0x148 main/CMakeFiles/pico_emb.dir/C_/Users/mathi/.pico-sdk/sdk/2.2.0/src/rp2_common/pico_double/double_sci_m33.S.obj
                0x100057f6                __wrap_exp
 .text.__wrap_log
                0x10005914      0x358 main/CMakeFiles/pico_emb.dir/C_/Users/mathi/.pico-sdk/sdk/2.2.0/src/rp2_common/pico_double/double_sci_m33.S.obj
                0x10005af2                __wrap_log
 .text.fisint   0x10005c6c       0x32 main/CMakeFiles/pico_emb.dir/C_/Users/mathi/.pico-sdk/sdk/2.2.0/src/rp2_common/pico_float/float_math.c.obj
 .text.fisoddint
                0x10005c9e       0x34 main/CMakeFiles/pico_emb.dir/C_/Users/mathi/.pico-sdk/sdk/2.2.0/src/rp2_common/pico_float/float_math.c.obj
 .text.fispo2   0x10005cd2       0x20 main/CMakeFiles/pico_emb.dir/C_/Users/mathi/.pico-sdk/sdk/2.2.0/src/rp2_common/pico_float/float_math.c.obj
 .text.fpow_int2
                0x10005cf2       0x36 main/CMakeFiles/pico_emb.dir/C_/Users/mathi/.pico-sdk/sdk/2.2.0/src/rp2_common/pico_float/float_math.c.obj
 .text.fpowint_1
                0x10005d28       0x20 main/CMakeFiles/pico_emb.dir/C_/Users/mathi/.pico-sdk/sdk/2.2.0/src/rp2_common/pico_float/float_math.c.obj
 .text.fpow_1   0x10005d48       0x2c main/CMakeFiles/pico_emb.dir/C_/Users/mathi/.pico-sdk/sdk/2.2.0/src/rp2_common/pico_float/float_math.c.obj
 .text.fpow_0   0x10005d74       0xa8 main/CMakeFiles/pico_emb.dir/C_/Users/mathi/.pico-sdk/sdk/2.2.0/src/rp2_common/pico_float/float_math.c.obj
 .text.__wrap_asinf
                0x10005e1c       0x42 main/CMakeFiles/pico_emb.dir/C_/Users/mathi/.pico-sdk/sdk/2.2.0/src/rp2_common/pico_float/float_math.c.obj
                0x10005e1c                __wrap_asinf
 *fill*         0x10005e5e        0x2 
 .text.__wrap_powf
                0x10005e60      0x124 main/CMakeFiles/pico_emb.dir/C_/Users/mathi/.pico-sdk/sdk/2.2.0/src/rp2_common/pico_float/float_math.c.obj
                0x10005e60                __wrap_powf
 .text.frrcore_v
                0x10005f84       0x54 main/CMakeFiles/pico_emb.dir/C_/Users/mathi/.pico-sdk/sdk/2.2.0/src/rp2_common/pico_float/float_sci_m33_vfp.S.obj
 .text.__wrap_fsin_fcos
                0x10005fd8      0x388 main/CMakeFiles/pico_emb.dir/C_/Users/mathi/.pico-sdk/sdk/2.2.0/src/rp2_common/pico_float/float_sci_m33_vfp.S.obj
                0x100060b4                __wrap_sincosf
                0x10006120                __wrap_sinf
                0x10006126                __wrap_cosf
 .text.__wrap_atan2f
                0x10006360      0x2cc main/CMakeFiles/pico_emb.dir/C_/Users/mathi/.pico-sdk/sdk/2.2.0/src/rp2_common/pico_float/float_sci_m33_vfp.S.obj
                0x100063bc                __wrap_atan2f
 .text._out_null
                0x1000662c        0x2 main/CMakeFiles/pico_emb.dir/C_/Users/mathi/.pico-sdk/sdk/2.2.0/src/rp2_common/pico_printf/printf.c.obj
 .text._out_fct
                0x1000662e        0xe main/CMakeFiles/pico_emb.dir/C_/Users/mathi/.pico-sdk/sdk/2.2.0/src/rp2_common/pico_printf/printf.c.obj
 .text._atoi    0x1000663c       0x26 main/CMakeFiles/pico_emb.dir/C_/Users/mathi/.pico-sdk/sdk/2.2.0/src/rp2_common/pico_printf/printf.c.obj
 .text._out_rev
                0x10006662       0x7e main/CMakeFiles/pico_emb.dir/C_/Users/mathi/.pico-sdk/sdk/2.2.0/src/rp2_common/pico_printf/printf.c.obj
 .text._ntoa_format
                0x100066e0      0x134 main/CMakeFiles/pico_emb.dir/C_/Users/mathi/.pico-sdk/sdk/2.2.0/src/rp2_common/pico_printf/printf.c.obj
 .text._ntoa_long
                0x10006814       0x94 main/CMakeFiles/pico_emb.dir/C_/Users/mathi/.pico-sdk/sdk/2.2.0/src/rp2_common/pico_printf/printf.c.obj
 .text._ntoa_long_long
                0x100068a8       0xc2 main/CMakeFiles/pico_emb.dir/C_/Users/mathi/.pico-sdk/sdk/2.2.0/src/rp2_common/pico_printf/printf.c.obj
 *fill*         0x1000696a        0x6 
 .text._etoa    0x10006970      0x420 main/CMakeFiles/pico_emb.dir/C_/Users/mathi/.pico-sdk/sdk/2.2.0/src/rp2_common/pico_printf/printf.c.obj
 .text._ftoa    0x10006d90      0x398 main/CMakeFiles/pico_emb.dir/C_/Users/mathi/.pico-sdk/sdk/2.2.0/src/rp2_common/pico_printf/printf.c.obj
 .text._vsnprintf
                0x10007128      0x6d8 main/CMakeFiles/pico_emb.dir/C_/Users/mathi/.pico-sdk/sdk/2.2.0/src/rp2_common/pico_printf/printf.c.obj
 .text.vfctprintf
                0x10007800       0x24 main/CMakeFiles/pico_emb.dir/C_/Users/mathi/.pico-sdk/sdk/2.2.0/src/rp2_common/pico_printf/printf.c.obj
                0x10007800                vfctprintf
 .text._exit    0x10007824        0x4 main/CMakeFiles/pico_emb.dir/C_/Users/mathi/.pico-sdk/sdk/2.2.0/src/rp2_common/pico_clib_interface/newlib_interface.c.obj
                0x10007824                _exit
 .text.exit     0x10007828        0x6 main/CMakeFiles/pico_emb.dir/C_/Users/mathi/.pico-sdk/sdk/2.2.0/src/rp2_common/pico_clib_interface/newlib_interface.c.obj
                0x10007828                exit
 *fill*         0x1000782e        0x2 
 .text.__assert_func
                0x10007830       0x34 main/CMakeFiles/pico_emb.dir/C_/Users/mathi/.pico-sdk/sdk/2.2.0/src/rp2_common/pico_clib_interface/newlib_interface.c.obj
                0x10007830                __assert_func
 .text.runtime_init
                0x10007864       0x2c main/CMakeFiles/pico_emb.dir/C_/Users/mathi/.pico-sdk/sdk/2.2.0/src/rp2_common/pico_clib_interface/newlib_interface.c.obj
                0x10007864                runtime_init
 .text.stdio_out_chars_no_crlf
                0x10007890        0xe main/CMakeFiles/pico_emb.dir/C_/Users/mathi/.pico-sdk/sdk/2.2.0/src/rp2_common/pico_stdio/stdio.c.obj
 *fill*         0x1000789e        0x2 
 .text.stdio_out_chars_crlf
                0x100078a0       0x80 main/CMakeFiles/pico_emb.dir/C_/Users/mathi/.pico-sdk/sdk/2.2.0/src/rp2_common/pico_stdio/stdio.c.obj
 .text.stdio_stack_buffer_flush
                0x10007920       0x40 main/CMakeFiles/pico_emb.dir/C_/Users/mathi/.pico-sdk/sdk/2.2.0/src/rp2_common/pico_stdio/stdio.c.obj
 .text.stdio_buffered_printer
                0x10007960       0x20 main/CMakeFiles/pico_emb.dir/C_/Users/mathi/.pico-sdk/sdk/2.2.0/src/rp2_common/pico_stdio/stdio.c.obj
 .text.stdout_serialize_begin
                0x10007980       0x2c main/CMakeFiles/pico_emb.dir/C_/Users/mathi/.pico-sdk/sdk/2.2.0/src/rp2_common/pico_stdio/stdio.c.obj
                0x10007980                stdout_serialize_begin
 .text.stdout_serialize_end
                0x100079ac       0x10 main/CMakeFiles/pico_emb.dir/C_/Users/mathi/.pico-sdk/sdk/2.2.0/src/rp2_common/pico_stdio/stdio.c.obj
                0x100079ac                stdout_serialize_end
 .text.stdio_put_string
                0x100079bc       0x8c main/CMakeFiles/pico_emb.dir/C_/Users/mathi/.pico-sdk/sdk/2.2.0/src/rp2_common/pico_stdio/stdio.c.obj
                0x100079bc                stdio_put_string
 .text.stdio_set_driver_enabled
                0x10007a48       0x2c main/CMakeFiles/pico_emb.dir/C_/Users/mathi/.pico-sdk/sdk/2.2.0/src/rp2_common/pico_stdio/stdio.c.obj
                0x10007a48                stdio_set_driver_enabled
 .text.stdio_flush
                0x10007a74       0x1c main/CMakeFiles/pico_emb.dir/C_/Users/mathi/.pico-sdk/sdk/2.2.0/src/rp2_common/pico_stdio/stdio.c.obj
                0x10007a74                stdio_flush
 .text.stdio_init_all
                0x10007a90        0xa main/CMakeFiles/pico_emb.dir/C_/Users/mathi/.pico-sdk/sdk/2.2.0/src/rp2_common/pico_stdio/stdio.c.obj
                0x10007a90                stdio_init_all
 .text.__wrap_putchar
                0x10007a9a       0x1e main/CMakeFiles/pico_emb.dir/C_/Users/mathi/.pico-sdk/sdk/2.2.0/src/rp2_common/pico_stdio/stdio.c.obj
                0x10007a9a                __wrap_putchar
                0x10007a9a                stdio_putchar
 .text.__wrap_puts
                0x10007ab8       0x1e main/CMakeFiles/pico_emb.dir/C_/Users/mathi/.pico-sdk/sdk/2.2.0/src/rp2_common/pico_stdio/stdio.c.obj
                0x10007ab8                stdio_puts
                0x10007ab8                __wrap_puts
 *fill*         0x10007ad6        0x2 
 .text.__wrap_vprintf
                0x10007ad8       0x40 main/CMakeFiles/pico_emb.dir/C_/Users/mathi/.pico-sdk/sdk/2.2.0/src/rp2_common/pico_stdio/stdio.c.obj
                0x10007ad8                stdio_vprintf
                0x10007ad8                __wrap_vprintf
 .text.__wrap_printf
                0x10007b18       0x1c main/CMakeFiles/pico_emb.dir/C_/Users/mathi/.pico-sdk/sdk/2.2.0/src/rp2_common/pico_stdio/stdio.c.obj
                0x10007b18                __wrap_printf
                0x10007b18                stdio_printf
 .text.uart_putc
                0x10007b34       0x70 main/CMakeFiles/pico_emb.dir/C_/Users/mathi/.pico-sdk/sdk/2.2.0/src/rp2_common/pico_stdio_uart/stdio_uart.c.obj
 .text.uart_getc
                0x10007ba4       0x30 main/CMakeFiles/pico_emb.dir/C_/Users/mathi/.pico-sdk/sdk/2.2.0/src/rp2_common/pico_stdio_uart/stdio_uart.c.obj
 .text.stdio_uart_out_chars
                0x10007bd4       0x20 main/CMakeFiles/pico_emb.dir/C_/Users/mathi/.pico-sdk/sdk/2.2.0/src/rp2_common/pico_stdio_uart/stdio_uart.c.obj
 .text.stdio_uart_in_chars
                0x10007bf4       0x54 main/CMakeFiles/pico_emb.dir/C_/Users/mathi/.pico-sdk/sdk/2.2.0/src/rp2_common/pico_stdio_uart/stdio_uart.c.obj
                0x10007bf4                stdio_uart_in_chars
 .text.on_uart_rx
                0x10007c48       0x24 main/CMakeFiles/pico_emb.dir/C_/Users/mathi/.pico-sdk/sdk/2.2.0/src/rp2_common/pico_stdio_uart/stdio_uart.c.obj
 .text.stdio_uart_out_flush
                0x10007c6c       0x14 main/CMakeFiles/pico_emb.dir/C_/Users/mathi/.pico-sdk/sdk/2.2.0/src/rp2_common/pico_stdio_uart/stdio_uart.c.obj
 .text.stdio_uart_set_chars_available_callback
                0x10007c80       0x84 main/CMakeFiles/pico_emb.dir/C_/Users/mathi/.pico-sdk/sdk/2.2.0/src/rp2_common/pico_stdio_uart/stdio_uart.c.obj
 .text.stdio_uart_init_full
                0x10007d04       0x50 main/CMakeFiles/pico_emb.dir/C_/Users/mathi/.pico-sdk/sdk/2.2.0/src/rp2_common/pico_stdio_uart/stdio_uart.c.obj
                0x10007d04                stdio_uart_init_full
 .text.stdio_uart_init
                0x10007d54       0x30 main/CMakeFiles/pico_emb.dir/C_/Users/mathi/.pico-sdk/sdk/2.2.0/src/rp2_common/pico_stdio_uart/stdio_uart.c.obj
                0x10007d54                stdio_uart_init
 .text          0x10007d84     0x1028 Fusion/libFusion.a(FusionAhrs.c.obj)
                0x10008358                FusionAhrsReset
                0x100083a0                FusionAhrsSetSettings
                0x100084a4                FusionAhrsInitialise
                0x100084d4                FusionAhrsUpdate
                0x100088d0                FusionAhrsUpdateExternalHeading
                0x10008994                FusionAhrsGetQuaternion
                0x100089a2                FusionAhrsSetQuaternion
                0x100089c2                FusionAhrsGetLinearAcceleration
                0x10008aa6                FusionAhrsGetEarthAcceleration
                0x10008b92                FusionAhrsGetInternalStates
                0x10008c4c                FusionAhrsGetFlags
                0x10008ca8                FusionAhrsSetHeading
                0x10008d5c                FusionAhrsUpdateNoMagnetometer
 .text.memset   0x10008dac       0x9c C:/Users/mathi/.pico-sdk/toolchain/14_2_Rel1/bin/../lib/gcc/arm-none-eabi/14.2.1/thumb/v8-m.main+fp/softfp\libg.a(libc_a-memset.o)
                0x10008dac                memset
 .text.__errno  0x10008e48        0xc C:/Users/mathi/.pico-sdk/toolchain/14_2_Rel1/bin/../lib/gcc/arm-none-eabi/14.2.1/thumb/v8-m.main+fp/softfp\libg.a(libc_a-errno.o)
                0x10008e48                __errno
 .text          0x10008e54       0xec C:/Users/mathi/.pico-sdk/toolchain/14_2_Rel1/bin/../lib/gcc/arm-none-eabi/14.2.1/thumb/v8-m.main+fp/softfp\libg.a(libc_a-memcpy.o)
                0x10008e54                memcpy
 .text.strlen   0x10008f40       0x5c C:/Users/mathi/.pico-sdk/toolchain/14_2_Rel1/bin/../lib/gcc/arm-none-eabi/14.2.1/thumb/v8-m.main+fp/softfp\libg.a(libc_a-strlen-stub.o)
                0x10008f40                strlen
 *(.fini)
 .fini          0x10008f9c        0x4 C:/Users/mathi/.pico-sdk/toolchain/14_2_Rel1/bin/../lib/gcc/arm-none-eabi/14.2.1/thumb/v8-m.main+fp/softfp/crti.o
                0x10008f9c                _fini
 .fini.__stub   0x10008fa0       0x30 linker stubs
 *crtbegin.o(.ctors)
 *crtbegin?.o(.ctors)
 *(EXCLUDE_FILE(*crtend.o *crtend?.o) .ctors)
 *(SORT_BY_NAME(.ctors.*))
 *(.ctors)
 *crtbegin.o(.dtors)
 *crtbegin?.o(.dtors)
 *(EXCLUDE_FILE(*crtend.o *crtend?.o) .dtors)
 *(SORT_BY_NAME(.dtors.*))
 *(.dtors)
                0x10008fd0                        . = ALIGN (0x4)
                0x10008fd0                        PROVIDE (__preinit_array_start = .)
 *(SORT_BY_NAME(.preinit_array.*))
 .preinit_array.00050
                0x10008fd0        0x4 main/CMakeFiles/pico_emb.dir/C_/Users/mathi/.pico-sdk/sdk/2.2.0/src/rp2_common/pico_runtime_init/runtime_init.c.obj
                0x10008fd0                __pre_init_runtime_init_bootrom_reset
 .preinit_array.00100
                0x10008fd4        0x4 main/CMakeFiles/pico_emb.dir/C_/Users/mathi/.pico-sdk/sdk/2.2.0/src/rp2_common/pico_runtime_init/runtime_init.c.obj
                0x10008fd4                __pre_init_runtime_init_early_resets
 .preinit_array.00101
                0x10008fd8        0x4 main/CMakeFiles/pico_emb.dir/C_/Users/mathi/.pico-sdk/sdk/2.2.0/src/rp2_common/pico_runtime_init/runtime_init.c.obj
                0x10008fd8                __pre_init_runtime_init_usb_power_down
 .preinit_array.00500
                0x10008fdc        0x4 main/CMakeFiles/pico_emb.dir/C_/Users/mathi/.pico-sdk/sdk/2.2.0/src/rp2_common/pico_runtime_init/runtime_init.c.obj
                0x10008fdc                __pre_init_runtime_init_clocks
 .preinit_array.00600
                0x10008fe0        0x4 main/CMakeFiles/pico_emb.dir/C_/Users/mathi/.pico-sdk/sdk/2.2.0/src/rp2_common/pico_runtime_init/runtime_init.c.obj
                0x10008fe0                __pre_init_runtime_init_post_clock_resets
 .preinit_array.01000
                0x10008fe4        0x4 main/CMakeFiles/pico_emb.dir/C_/Users/mathi/.pico-sdk/sdk/2.2.0/src/rp2_common/hardware_boot_lock/boot_lock.c.obj
                0x10008fe4                __pre_init_runtime_init_boot_locks_reset
 .preinit_array.01000
                0x10008fe8        0x4 main/CMakeFiles/pico_emb.dir/C_/Users/mathi/.pico-sdk/sdk/2.2.0/src/rp2_common/pico_runtime_init/runtime_init.c.obj
                0x10008fe8                __pre_init_runtime_init_spin_locks_reset
 .preinit_array.01010
                0x10008fec        0x4 main/CMakeFiles/pico_emb.dir/C_/Users/mathi/.pico-sdk/sdk/2.2.0/src/rp2_common/pico_bootrom/bootrom_lock.c.obj
                0x10008fec                __pre_init_runtime_init_bootrom_locking_enable
 .preinit_array.01100
                0x10008ff0        0x4 main/CMakeFiles/pico_emb.dir/C_/Users/mathi/.pico-sdk/sdk/2.2.0/src/common/pico_sync/mutex.c.obj
                0x10008ff0                __pre_init_runtime_init_mutex
 .preinit_array.10080
                0x10008ff4        0x4 main/CMakeFiles/pico_emb.dir/C_/Users/mathi/.pico-sdk/sdk/2.2.0/src/rp2_common/pico_runtime_init/runtime_init.c.obj
                0x10008ff4                __pre_init_runtime_init_install_ram_vector_table
 .preinit_array.11000
                0x10008ff8        0x4 main/CMakeFiles/pico_emb.dir/C_/Users/mathi/.pico-sdk/sdk/2.2.0/src/common/pico_time/time.c.obj
                0x10008ff8                __pre_init_runtime_init_default_alarm_pool
 .preinit_array.YYYYY
                0x10008ffc        0x4 main/CMakeFiles/pico_emb.dir/C_/Users/mathi/.pico-sdk/sdk/2.2.0/src/rp2_common/pico_runtime/runtime.c.obj
                0x10008ffc                __pre_init_first_per_core_initializer
 .preinit_array.ZZZZZ.00051
                0x10009000        0x4 main/CMakeFiles/pico_emb.dir/C_/Users/mathi/.pico-sdk/sdk/2.2.0/src/rp2_common/pico_runtime_init/runtime_init.c.obj
                0x10009000                __pre_init_runtime_init_per_core_bootrom_reset
 .preinit_array.ZZZZZ.00200
                0x10009004        0x4 main/CMakeFiles/pico_emb.dir/C_/Users/mathi/.pico-sdk/sdk/2.2.0/src/rp2_common/pico_runtime_init/runtime_init.c.obj
                0x10009004                __pre_init_runtime_init_per_core_enable_coprocessors
 .preinit_array.ZZZZZ.01000
                0x10009008        0x4 main/CMakeFiles/pico_emb.dir/C_/Users/mathi/.pico-sdk/sdk/2.2.0/src/rp2_common/hardware_sync_spin_lock/sync_spin_lock.c.obj
                0x10009008                __pre_init_spinlock_set_extexclall
 .preinit_array.ZZZZZ.01200
                0x1000900c        0x4 main/CMakeFiles/pico_emb.dir/C_/Users/mathi/.pico-sdk/sdk/2.2.0/src/rp2_common/hardware_irq/irq.c.obj
                0x1000900c                __pre_init_runtime_init_per_core_irq_priorities
 *(.preinit_array)
                0x10009010                        PROVIDE (__preinit_array_end = .)
                0x10009010                        . = ALIGN (0x4)
                0x10009010                        PROVIDE (__init_array_start = .)
 *(SORT_BY_NAME(.init_array.*))
 *(.init_array)
 .init_array    0x10009010        0x4 C:/Users/mathi/.pico-sdk/toolchain/14_2_Rel1/bin/../lib/gcc/arm-none-eabi/14.2.1/thumb/v8-m.main+fp/softfp/crtbegin.o
 .init_array    0x10009014        0x4 main/CMakeFiles/pico_emb.dir/__/FreeRTOS-Kernel/portable/ThirdParty/GCC/RP2350_ARM_NTZ/non_secure/port.c.obj
                0x10009018                        PROVIDE (__init_array_end = .)
                0x10009018                        . = ALIGN (0x4)
                [!provide]                        PROVIDE (__fini_array_start = .)
 *(SORT_BY_NAME(.fini_array.*))
 *(.fini_array)
                [!provide]                        PROVIDE (__fini_array_end = .)
 *(.eh_frame*)
 .eh_frame      0x10009018        0x0 C:/Users/mathi/.pico-sdk/toolchain/14_2_Rel1/bin/../lib/gcc/arm-none-eabi/14.2.1/thumb/v8-m.main+fp/softfp/crtbegin.o
                0x10009018                        . = ALIGN (0x4)

.glue_7         0x10009018        0x0
 .glue_7        0x10009018        0x0 linker stubs

.glue_7t        0x10009018        0x0
 .glue_7t       0x10009018        0x0 linker stubs

.vfp11_veneer   0x10009018        0x0
 .vfp11_veneer  0x10009018        0x0 linker stubs

.v4_bx          0x10009018        0x0
 .v4_bx         0x10009018        0x0 linker stubs

.iplt           0x10009018        0x0
 .iplt          0x10009018        0x0 C:/Users/mathi/.pico-sdk/toolchain/14_2_Rel1/bin/../lib/gcc/arm-none-eabi/14.2.1/thumb/v8-m.main+fp/softfp/crtbegin.o

.boot2          0x10009018        0x0
                0x10009018                        __boot2_start__ = .
 *(.boot2)
                0x10009018                        __boot2_end__ = .
                0x00000001                        ASSERT (((__boot2_end__ - __boot2_start__) <= 0x100), ERROR: Pico second stage bootloader must be no more than 256 bytes in size)

.rodata         0x10009018     0x1df0
 *(EXCLUDE_FILE(*libm.a: *libc.a:*lib_a-mem*.o *libgcc.a:) .rodata*)
 .rodata.calibrate_gyro_bias.str1.4
                0x10009018     0x1854 main/CMakeFiles/pico_emb.dir/main.c.obj
                                 0x6f (size before relaxing)
 .rodata.mpu6050_task.str1.4
                0x1000a86c      0x3ad main/CMakeFiles/pico_emb.dir/main.c.obj
 .rodata.main.str1.4
                0x1000a86c       0x1a main/CMakeFiles/pico_emb.dir/main.c.obj
 .rodata.panic.str1.4
                0x1000a86c       0x12 main/CMakeFiles/pico_emb.dir/C_/Users/mathi/.pico-sdk/sdk/2.2.0/src/rp2_common/pico_platform_panic/panic.c.obj
 .rodata.prvInsertBlockIntoFreeList.str1.4
                0x1000a86c       0xeb main/CMakeFiles/pico_emb.dir/__/FreeRTOS-Kernel/portable/MemMang/heap_4.c.obj
 .rodata.pvPortMalloc.str1.4
                0x1000a86c      0x18d main/CMakeFiles/pico_emb.dir/__/FreeRTOS-Kernel/portable/MemMang/heap_4.c.obj
 .rodata.vPortFree.str1.4
                0x1000a86c      0x10f main/CMakeFiles/pico_emb.dir/__/FreeRTOS-Kernel/portable/MemMang/heap_4.c.obj
 .rodata.__func__.0
                0x1000a86c       0x1b main/CMakeFiles/pico_emb.dir/__/FreeRTOS-Kernel/portable/MemMang/heap_4.c.obj
 *fill*         0x1000a887        0x1 
 .rodata.__func__.1
                0x1000a888        0xa main/CMakeFiles/pico_emb.dir/__/FreeRTOS-Kernel/portable/MemMang/heap_4.c.obj
 *fill*         0x1000a892        0x2 
 .rodata.__func__.2
                0x1000a894        0xd main/CMakeFiles/pico_emb.dir/__/FreeRTOS-Kernel/portable/MemMang/heap_4.c.obj
 .rodata.prvTaskExitError.str1.4
                0x1000a8a1       0xaa main/CMakeFiles/pico_emb.dir/__/FreeRTOS-Kernel/portable/ThirdParty/GCC/RP2350_ARM_NTZ/non_secure/port.c.obj
 .rodata.vPortExitCritical.str1.4
                0x1000a8a1       0x12 main/CMakeFiles/pico_emb.dir/__/FreeRTOS-Kernel/portable/ThirdParty/GCC/RP2350_ARM_NTZ/non_secure/port.c.obj
 .rodata.vPortSVCHandler_C.str1.4
                0x1000a8a1       0x15 main/CMakeFiles/pico_emb.dir/__/FreeRTOS-Kernel/portable/ThirdParty/GCC/RP2350_ARM_NTZ/non_secure/port.c.obj
 .rodata.xPortStartScheduler.str1.4
                0x1000a8a1       0x58 main/CMakeFiles/pico_emb.dir/__/FreeRTOS-Kernel/portable/ThirdParty/GCC/RP2350_ARM_NTZ/non_secure/port.c.obj
 .rodata.vPortValidateInterruptPriority.str1.4
                0x1000a8a1       0x86 main/CMakeFiles/pico_emb.dir/__/FreeRTOS-Kernel/portable/ThirdParty/GCC/RP2350_ARM_NTZ/non_secure/port.c.obj
 .rodata.vPortLockInternalSpinUnlockWithWait.str1.4
                0x1000a8a1       0x7e main/CMakeFiles/pico_emb.dir/__/FreeRTOS-Kernel/portable/ThirdParty/GCC/RP2350_ARM_NTZ/non_secure/port.c.obj
 *fill*         0x1000a8a1        0x3 
 .rodata.__func__.0
                0x1000a8a4       0x37 main/CMakeFiles/pico_emb.dir/__/FreeRTOS-Kernel/portable/ThirdParty/GCC/RP2350_ARM_NTZ/non_secure/port.c.obj
 *fill*         0x1000a8db        0x1 
 .rodata.__func__.2
                0x1000a8dc       0x1f main/CMakeFiles/pico_emb.dir/__/FreeRTOS-Kernel/portable/ThirdParty/GCC/RP2350_ARM_NTZ/non_secure/port.c.obj
 *fill*         0x1000a8fb        0x1 
 .rodata.__func__.4
                0x1000a8fc       0x14 main/CMakeFiles/pico_emb.dir/__/FreeRTOS-Kernel/portable/ThirdParty/GCC/RP2350_ARM_NTZ/non_secure/port.c.obj
 .rodata.__func__.5
                0x1000a910       0x11 main/CMakeFiles/pico_emb.dir/__/FreeRTOS-Kernel/portable/ThirdParty/GCC/RP2350_ARM_NTZ/non_secure/port.c.obj
 *fill*         0x1000a921        0x3 
 .rodata.__func__.6
                0x1000a924       0x12 main/CMakeFiles/pico_emb.dir/__/FreeRTOS-Kernel/portable/ThirdParty/GCC/RP2350_ARM_NTZ/non_secure/port.c.obj
 *fill*         0x1000a936        0x2 
 .rodata.__func__.7
                0x1000a938       0x12 main/CMakeFiles/pico_emb.dir/__/FreeRTOS-Kernel/portable/ThirdParty/GCC/RP2350_ARM_NTZ/non_secure/port.c.obj
 .rodata.xEventGroupWaitBits.str1.4
                0x1000a94a      0x113 main/CMakeFiles/pico_emb.dir/__/FreeRTOS-Kernel/event_groups.c.obj
 .rodata.xEventGroupSetBits.str1.4
                0x1000a94a       0x34 main/CMakeFiles/pico_emb.dir/__/FreeRTOS-Kernel/event_groups.c.obj
 *fill*         0x1000a94a        0x2 
 .rodata.__func__.1
                0x1000a94c       0x13 main/CMakeFiles/pico_emb.dir/__/FreeRTOS-Kernel/event_groups.c.obj
 *fill*         0x1000a95f        0x1 
 .rodata.__func__.3
                0x1000a960       0x14 main/CMakeFiles/pico_emb.dir/__/FreeRTOS-Kernel/event_groups.c.obj
 .rodata.prvNotifyQueueSetContainer.str1.4
                0x1000a974       0xde main/CMakeFiles/pico_emb.dir/__/FreeRTOS-Kernel/queue.c.obj
 .rodata.xQueueGenericReset.str1.4
                0x1000a974       0x2c main/CMakeFiles/pico_emb.dir/__/FreeRTOS-Kernel/queue.c.obj
 .rodata.xQueueGenericCreate.str1.4
                0x1000a974        0xb main/CMakeFiles/pico_emb.dir/__/FreeRTOS-Kernel/queue.c.obj
 .rodata.xQueueGenericSend.str1.4
                0x1000a974       0xfb main/CMakeFiles/pico_emb.dir/__/FreeRTOS-Kernel/queue.c.obj
 .rodata.xQueueGiveFromISR.str1.4
                0x1000a974       0x7d main/CMakeFiles/pico_emb.dir/__/FreeRTOS-Kernel/queue.c.obj
 .rodata.xQueueReceive.str1.4
                0x1000a974       0x66 main/CMakeFiles/pico_emb.dir/__/FreeRTOS-Kernel/queue.c.obj
 .rodata.uxQueueMessagesWaiting.str1.4
                0x1000a974        0x7 main/CMakeFiles/pico_emb.dir/__/FreeRTOS-Kernel/queue.c.obj
 .rodata.__func__.2
                0x1000a974       0x14 main/CMakeFiles/pico_emb.dir/__/FreeRTOS-Kernel/queue.c.obj
 .rodata.__func__.12
                0x1000a988       0x14 main/CMakeFiles/pico_emb.dir/__/FreeRTOS-Kernel/queue.c.obj
 .rodata.__func__.13
                0x1000a99c        0xe main/CMakeFiles/pico_emb.dir/__/FreeRTOS-Kernel/queue.c.obj
 *fill*         0x1000a9aa        0x2 
 .rodata.__func__.14
                0x1000a9ac       0x12 main/CMakeFiles/pico_emb.dir/__/FreeRTOS-Kernel/queue.c.obj
 *fill*         0x1000a9be        0x2 
 .rodata.__func__.15
                0x1000a9c0       0x19 main/CMakeFiles/pico_emb.dir/__/FreeRTOS-Kernel/queue.c.obj
 *fill*         0x1000a9d9        0x3 
 .rodata.__func__.16
                0x1000a9dc       0x1b main/CMakeFiles/pico_emb.dir/__/FreeRTOS-Kernel/queue.c.obj
 *fill*         0x1000a9f7        0x1 
 .rodata.__func__.17
                0x1000a9f8       0x12 main/CMakeFiles/pico_emb.dir/__/FreeRTOS-Kernel/queue.c.obj
 *fill*         0x1000aa0a        0x2 
 .rodata.__func__.23
                0x1000aa0c       0x14 main/CMakeFiles/pico_emb.dir/__/FreeRTOS-Kernel/queue.c.obj
 .rodata.__func__.24
                0x1000aa20       0x13 main/CMakeFiles/pico_emb.dir/__/FreeRTOS-Kernel/queue.c.obj
 .rodata.prvTaskIsTaskSuspended.str1.4
                0x1000aa33       0x65 main/CMakeFiles/pico_emb.dir/__/FreeRTOS-Kernel/tasks.c.obj
 .rodata.prvInitialiseNewTask.str1.4
                0x1000aa33       0x10 main/CMakeFiles/pico_emb.dir/__/FreeRTOS-Kernel/tasks.c.obj
 .rodata.prvCreateIdleTasks.str1.4
                0x1000aa33        0x5 main/CMakeFiles/pico_emb.dir/__/FreeRTOS-Kernel/tasks.c.obj
 .rodata.vTaskStartScheduler.str1.4
                0x1000aa33       0x12 main/CMakeFiles/pico_emb.dir/__/FreeRTOS-Kernel/tasks.c.obj
 .rodata.xTaskIncrementTick.str1.4
                0x1000aa33       0x76 main/CMakeFiles/pico_emb.dir/__/FreeRTOS-Kernel/tasks.c.obj
 .rodata.xTaskResumeAll.str1.4
                0x1000aa33       0x1b main/CMakeFiles/pico_emb.dir/__/FreeRTOS-Kernel/tasks.c.obj
 .rodata.xTaskDelayUntil.str1.4
                0x1000aa33       0x47 main/CMakeFiles/pico_emb.dir/__/FreeRTOS-Kernel/tasks.c.obj
 .rodata.vTaskSwitchContext.str1.4
                0x1000aa33       0x45 main/CMakeFiles/pico_emb.dir/__/FreeRTOS-Kernel/tasks.c.obj
 .rodata.vTaskPlaceOnEventList.str1.4
                0x1000aa33        0xc main/CMakeFiles/pico_emb.dir/__/FreeRTOS-Kernel/tasks.c.obj
 .rodata.vTaskPlaceOnUnorderedEventList.str1.4
                0x1000aa33       0x2b main/CMakeFiles/pico_emb.dir/__/FreeRTOS-Kernel/tasks.c.obj
 .rodata.xTaskRemoveFromEventList.str1.4
                0x1000aa33        0xf main/CMakeFiles/pico_emb.dir/__/FreeRTOS-Kernel/tasks.c.obj
 .rodata.vTaskSetTimeOutState.str1.4
                0x1000aa33        0xa main/CMakeFiles/pico_emb.dir/__/FreeRTOS-Kernel/tasks.c.obj
 .rodata.xTaskCheckForTimeOut.str1.4
                0x1000aa33        0xe main/CMakeFiles/pico_emb.dir/__/FreeRTOS-Kernel/tasks.c.obj
 .rodata.xTaskPriorityDisinherit.str1.4
                0x1000aa33       0x2d main/CMakeFiles/pico_emb.dir/__/FreeRTOS-Kernel/tasks.c.obj
 .rodata.vTaskPriorityDisinheritAfterTimeout.str1.4
                0x1000aa33       0x16 main/CMakeFiles/pico_emb.dir/__/FreeRTOS-Kernel/tasks.c.obj
 *fill*         0x1000aa33        0x1 
 .rodata.__func__.7
                0x1000aa34       0x24 main/CMakeFiles/pico_emb.dir/__/FreeRTOS-Kernel/tasks.c.obj
 .rodata.__func__.8
                0x1000aa58       0x18 main/CMakeFiles/pico_emb.dir/__/FreeRTOS-Kernel/tasks.c.obj
 .rodata.__func__.10
                0x1000aa70       0x15 main/CMakeFiles/pico_emb.dir/__/FreeRTOS-Kernel/tasks.c.obj
 *fill*         0x1000aa85        0x3 
 .rodata.__func__.12
                0x1000aa88       0x22 main/CMakeFiles/pico_emb.dir/__/FreeRTOS-Kernel/tasks.c.obj
 *fill*         0x1000aaaa        0x2 
 .rodata.__func__.13
                0x1000aaac       0x19 main/CMakeFiles/pico_emb.dir/__/FreeRTOS-Kernel/tasks.c.obj
 *fill*         0x1000aac5        0x3 
 .rodata.__func__.14
                0x1000aac8       0x20 main/CMakeFiles/pico_emb.dir/__/FreeRTOS-Kernel/tasks.c.obj
 .rodata.__func__.15
                0x1000aae8       0x1f main/CMakeFiles/pico_emb.dir/__/FreeRTOS-Kernel/tasks.c.obj
 *fill*         0x1000ab07        0x1 
 .rodata.__func__.16
                0x1000ab08       0x16 main/CMakeFiles/pico_emb.dir/__/FreeRTOS-Kernel/tasks.c.obj
 *fill*         0x1000ab1e        0x2 
 .rodata.__func__.17
                0x1000ab20       0x13 main/CMakeFiles/pico_emb.dir/__/FreeRTOS-Kernel/tasks.c.obj
 *fill*         0x1000ab33        0x1 
 .rodata.__func__.18
                0x1000ab34       0x13 main/CMakeFiles/pico_emb.dir/__/FreeRTOS-Kernel/tasks.c.obj
 *fill*         0x1000ab47        0x1 
 .rodata.__func__.25
                0x1000ab48        0xf main/CMakeFiles/pico_emb.dir/__/FreeRTOS-Kernel/tasks.c.obj
 *fill*         0x1000ab57        0x1 
 .rodata.__func__.26
                0x1000ab58       0x14 main/CMakeFiles/pico_emb.dir/__/FreeRTOS-Kernel/tasks.c.obj
 .rodata.__func__.33
                0x1000ab6c        0xb main/CMakeFiles/pico_emb.dir/__/FreeRTOS-Kernel/tasks.c.obj
 *fill*         0x1000ab77        0x1 
 .rodata.__func__.34
                0x1000ab78       0x10 main/CMakeFiles/pico_emb.dir/__/FreeRTOS-Kernel/tasks.c.obj
 .rodata.__func__.36
                0x1000ab88       0x15 main/CMakeFiles/pico_emb.dir/__/FreeRTOS-Kernel/tasks.c.obj
 *fill*         0x1000ab9d        0x3 
 .rodata.uxTopUsedPriority
                0x1000aba0        0x4 main/CMakeFiles/pico_emb.dir/__/FreeRTOS-Kernel/tasks.c.obj
 .rodata.prvProcessReceivedCommands.str1.4
                0x1000aba4       0x86 main/CMakeFiles/pico_emb.dir/__/FreeRTOS-Kernel/timers.c.obj
 .rodata.prvCheckForValidListAndQueue.str1.4
                0x1000aba4        0x5 main/CMakeFiles/pico_emb.dir/__/FreeRTOS-Kernel/timers.c.obj
 .rodata.xTimerCreateTimerTask.str1.4
                0x1000aba4       0x10 main/CMakeFiles/pico_emb.dir/__/FreeRTOS-Kernel/timers.c.obj
 .rodata.__func__.13
                0x1000aba4       0x1b main/CMakeFiles/pico_emb.dir/__/FreeRTOS-Kernel/timers.c.obj
 *fill*         0x1000abbf        0x1 
 .rodata.__func__.15
                0x1000abc0       0x16 main/CMakeFiles/pico_emb.dir/__/FreeRTOS-Kernel/timers.c.obj
 .rodata.gpio_set_irq_enabled.str1.4
                0x1000abd6       0x73 main/CMakeFiles/pico_emb.dir/C_/Users/mathi/.pico-sdk/sdk/2.2.0/src/rp2_common/hardware_gpio/gpio.c.obj
 *fill*         0x1000abd6        0x2 
 .rodata.__func__.4
                0x1000abd8       0x15 main/CMakeFiles/pico_emb.dir/C_/Users/mathi/.pico-sdk/sdk/2.2.0/src/rp2_common/hardware_gpio/gpio.c.obj
 .rodata.resolve_j_16.str1.4
                0x1000abed       0x5d main/CMakeFiles/pico_emb.dir/C_/Users/mathi/.pico-sdk/sdk/2.2.0/src/rp2_common/hardware_irq/irq.c.obj
 .rodata.make_j_16.str1.4
                0x1000abed       0x30 main/CMakeFiles/pico_emb.dir/C_/Users/mathi/.pico-sdk/sdk/2.2.0/src/rp2_common/hardware_irq/irq.c.obj
 .rodata.insert_bl_32.str1.4
                0x1000abed       0x10 main/CMakeFiles/pico_emb.dir/C_/Users/mathi/.pico-sdk/sdk/2.2.0/src/rp2_common/hardware_irq/irq.c.obj
 .rodata.irq_set_exclusive_handler.str1.4
                0x1000abed       0x36 main/CMakeFiles/pico_emb.dir/C_/Users/mathi/.pico-sdk/sdk/2.2.0/src/rp2_common/hardware_irq/irq.c.obj
 .rodata.irq_add_shared_handler.str1.4
                0x1000abed       0xd2 main/CMakeFiles/pico_emb.dir/C_/Users/mathi/.pico-sdk/sdk/2.2.0/src/rp2_common/hardware_irq/irq.c.obj
 .rodata.irq_remove_handler.str1.4
                0x1000abed       0x3a main/CMakeFiles/pico_emb.dir/C_/Users/mathi/.pico-sdk/sdk/2.2.0/src/rp2_common/hardware_irq/irq.c.obj
 .rodata.irq_add_tail_to_free_list.str1.4
                0x1000abed       0x3a main/CMakeFiles/pico_emb.dir/C_/Users/mathi/.pico-sdk/sdk/2.2.0/src/rp2_common/hardware_irq/irq.c.obj
 *fill*         0x1000abed        0x3 
 .rodata.__func__.0
                0x1000abf0       0x1a main/CMakeFiles/pico_emb.dir/C_/Users/mathi/.pico-sdk/sdk/2.2.0/src/rp2_common/hardware_irq/irq.c.obj
 *fill*         0x1000ac0a        0x2 
 .rodata.__func__.1
                0x1000ac0c        0xd main/CMakeFiles/pico_emb.dir/C_/Users/mathi/.pico-sdk/sdk/2.2.0/src/rp2_common/hardware_irq/irq.c.obj
 *fill*         0x1000ac19        0x3 
 .rodata.__func__.2
                0x1000ac1c       0x13 main/CMakeFiles/pico_emb.dir/C_/Users/mathi/.pico-sdk/sdk/2.2.0/src/rp2_common/hardware_irq/irq.c.obj
 *fill*         0x1000ac2f        0x1 
 .rodata.__func__.3
                0x1000ac30        0xa main/CMakeFiles/pico_emb.dir/C_/Users/mathi/.pico-sdk/sdk/2.2.0/src/rp2_common/hardware_irq/irq.c.obj
 *fill*         0x1000ac3a        0x2 
 .rodata.__func__.4
                0x1000ac3c        0xd main/CMakeFiles/pico_emb.dir/C_/Users/mathi/.pico-sdk/sdk/2.2.0/src/rp2_common/hardware_irq/irq.c.obj
 *fill*         0x1000ac49        0x3 
 .rodata.__func__.5
                0x1000ac4c       0x17 main/CMakeFiles/pico_emb.dir/C_/Users/mathi/.pico-sdk/sdk/2.2.0/src/rp2_common/hardware_irq/irq.c.obj
 *fill*         0x1000ac63        0x1 
 .rodata.__func__.6
                0x1000ac64       0x1a main/CMakeFiles/pico_emb.dir/C_/Users/mathi/.pico-sdk/sdk/2.2.0/src/rp2_common/hardware_irq/irq.c.obj
 .rodata.runtime_init_mutex.str1.4
                0x1000ac7e       0x60 main/CMakeFiles/pico_emb.dir/C_/Users/mathi/.pico-sdk/sdk/2.2.0/src/common/pico_sync/mutex.c.obj
 .rodata.str1.4
                0x1000ac7e       0x51 main/CMakeFiles/pico_emb.dir/C_/Users/mathi/.pico-sdk/sdk/2.2.0/src/common/pico_sync/mutex.c.obj
 *fill*         0x1000ac7e        0x2 
 .rodata.__func__.1
                0x1000ac80        0xb main/CMakeFiles/pico_emb.dir/C_/Users/mathi/.pico-sdk/sdk/2.2.0/src/common/pico_sync/mutex.c.obj
 *fill*         0x1000ac8b        0x1 
 .rodata.__func__.3
                0x1000ac8c       0x18 main/CMakeFiles/pico_emb.dir/C_/Users/mathi/.pico-sdk/sdk/2.2.0/src/common/pico_sync/mutex.c.obj
 .rodata.__func__.6
                0x1000aca4       0x13 main/CMakeFiles/pico_emb.dir/C_/Users/mathi/.pico-sdk/sdk/2.2.0/src/common/pico_sync/mutex.c.obj
 .rodata.alarm_pool_irq_handler.str1.4
                0x1000acb7       0x6b main/CMakeFiles/pico_emb.dir/C_/Users/mathi/.pico-sdk/sdk/2.2.0/src/common/pico_time/time.c.obj
 .rodata.alarm_pool_get_default.str1.4
                0x1000acb7       0x21 main/CMakeFiles/pico_emb.dir/C_/Users/mathi/.pico-sdk/sdk/2.2.0/src/common/pico_time/time.c.obj
 *fill*         0x1000acb7        0x1 
 .rodata.__func__.1
                0x1000acb8       0x17 main/CMakeFiles/pico_emb.dir/C_/Users/mathi/.pico-sdk/sdk/2.2.0/src/common/pico_time/time.c.obj
 *fill*         0x1000accf        0x1 
 .rodata.__func__.2
                0x1000acd0       0x17 main/CMakeFiles/pico_emb.dir/C_/Users/mathi/.pico-sdk/sdk/2.2.0/src/common/pico_time/time.c.obj
 .rodata.timer_hardware_alarm_claim.str1.4
                0x1000ace7       0x22 main/CMakeFiles/pico_emb.dir/C_/Users/mathi/.pico-sdk/sdk/2.2.0/src/rp2_common/hardware_timer/timer.c.obj
 .rodata.pll_init.str1.4
                0x1000ace7      0x11c main/CMakeFiles/pico_emb.dir/C_/Users/mathi/.pico-sdk/sdk/2.2.0/src/rp2_common/hardware_pll/pll.c.obj
 *fill*         0x1000ace7        0x1 
 .rodata.__func__.0
                0x1000ace8        0x9 main/CMakeFiles/pico_emb.dir/C_/Users/mathi/.pico-sdk/sdk/2.2.0/src/rp2_common/hardware_pll/pll.c.obj
 .rodata.exception_set_exclusive_handler.str1.4
                0x1000acf1       0x95 main/CMakeFiles/pico_emb.dir/C_/Users/mathi/.pico-sdk/sdk/2.2.0/src/rp2_common/hardware_exception/exception.c.obj
 *fill*         0x1000acf1        0x3 
 .rodata.__func__.1
                0x1000acf4       0x20 main/CMakeFiles/pico_emb.dir/C_/Users/mathi/.pico-sdk/sdk/2.2.0/src/rp2_common/hardware_exception/exception.c.obj
 .rodata.multicore_doorbell_claim_under_lock.str1.4
                0x1000ad14       0x54 main/CMakeFiles/pico_emb.dir/C_/Users/mathi/.pico-sdk/sdk/2.2.0/src/rp2_common/pico_multicore/multicore.c.obj
 .rodata.multicore_doorbell_claim_unused.str1.4
                0x1000ad14       0x12 main/CMakeFiles/pico_emb.dir/C_/Users/mathi/.pico-sdk/sdk/2.2.0/src/rp2_common/pico_multicore/multicore.c.obj
 .rodata.i2c_set_baudrate.str1.4
                0x1000ad14       0x65 main/CMakeFiles/pico_emb.dir/C_/Users/mathi/.pico-sdk/sdk/2.2.0/src/rp2_common/hardware_i2c/i2c.c.obj
 .rodata.__func__.0
                0x1000ad14       0x11 main/CMakeFiles/pico_emb.dir/C_/Users/mathi/.pico-sdk/sdk/2.2.0/src/rp2_common/hardware_i2c/i2c.c.obj
 .rodata.str1.4
                0x1000ad25       0x40 main/CMakeFiles/pico_emb.dir/C_/Users/mathi/.pico-sdk/sdk/2.2.0/src/rp2_common/pico_standard_binary_info/standard_binary_info.c.obj
 *fill*         0x1000ad25        0x3 
 .rodata.__bi_84
                0x1000ad28        0xc main/CMakeFiles/pico_emb.dir/C_/Users/mathi/.pico-sdk/sdk/2.2.0/src/rp2_common/pico_standard_binary_info/standard_binary_info.c.obj
 .rodata.__bi_78
                0x1000ad34        0xc main/CMakeFiles/pico_emb.dir/C_/Users/mathi/.pico-sdk/sdk/2.2.0/src/rp2_common/pico_standard_binary_info/standard_binary_info.c.obj
 .rodata.__bi_54
                0x1000ad40        0xc main/CMakeFiles/pico_emb.dir/C_/Users/mathi/.pico-sdk/sdk/2.2.0/src/rp2_common/pico_standard_binary_info/standard_binary_info.c.obj
 .rodata.__bi_48
                0x1000ad4c        0xc main/CMakeFiles/pico_emb.dir/C_/Users/mathi/.pico-sdk/sdk/2.2.0/src/rp2_common/pico_standard_binary_info/standard_binary_info.c.obj
 .rodata.__bi_42
                0x1000ad58        0xc main/CMakeFiles/pico_emb.dir/C_/Users/mathi/.pico-sdk/sdk/2.2.0/src/rp2_common/pico_standard_binary_info/standard_binary_info.c.obj
 .rodata.__bi_34
                0x1000ad64        0xc main/CMakeFiles/pico_emb.dir/C_/Users/mathi/.pico-sdk/sdk/2.2.0/src/rp2_common/pico_standard_binary_info/standard_binary_info.c.obj
 .rodata.__bi_26
                0x1000ad70        0xc main/CMakeFiles/pico_emb.dir/C_/Users/mathi/.pico-sdk/sdk/2.2.0/src/rp2_common/pico_standard_binary_info/standard_binary_info.c.obj
 .rodata._ftoa.str1.4
                0x1000ad7c       0x15 main/CMakeFiles/pico_emb.dir/C_/Users/mathi/.pico-sdk/sdk/2.2.0/src/rp2_common/pico_printf/printf.c.obj
 *fill*         0x1000ad7c        0x4 
 .rodata.pow10.0
                0x1000ad80       0x50 main/CMakeFiles/pico_emb.dir/C_/Users/mathi/.pico-sdk/sdk/2.2.0/src/rp2_common/pico_printf/printf.c.obj
 .rodata.__assert_func.str1.4
                0x1000add0       0x43 main/CMakeFiles/pico_emb.dir/C_/Users/mathi/.pico-sdk/sdk/2.2.0/src/rp2_common/pico_clib_interface/newlib_interface.c.obj
 .rodata.crlf_str.0
                0x1000add0        0x2 main/CMakeFiles/pico_emb.dir/C_/Users/mathi/.pico-sdk/sdk/2.2.0/src/rp2_common/pico_stdio/stdio.c.obj
 .rodata.str1.4
                0x1000add2       0x2c main/CMakeFiles/pico_emb.dir/C_/Users/mathi/.pico-sdk/sdk/2.2.0/src/rp2_common/pico_stdio_uart/stdio_uart.c.obj
 *fill*         0x1000add2        0x2 
 .rodata.__bi_45.4
                0x1000add4        0xc main/CMakeFiles/pico_emb.dir/C_/Users/mathi/.pico-sdk/sdk/2.2.0/src/rp2_common/pico_stdio_uart/stdio_uart.c.obj
 .rodata.__bi_49.5
                0x1000ade0        0x8 main/CMakeFiles/pico_emb.dir/C_/Users/mathi/.pico-sdk/sdk/2.2.0/src/rp2_common/pico_stdio_uart/stdio_uart.c.obj
 .rodata.__bi_50.6
                0x1000ade8        0x8 main/CMakeFiles/pico_emb.dir/C_/Users/mathi/.pico-sdk/sdk/2.2.0/src/rp2_common/pico_stdio_uart/stdio_uart.c.obj
 .rodata        0x1000adf0       0x18 Fusion/libFusion.a(FusionAhrs.c.obj)
 *(.srodata*)
                0x1000ae08                        . = ALIGN (0x4)
 *(SORT_BY_ALIGNMENT(SORT_BY_NAME(.flashdata*)))
                0x1000ae08                        . = ALIGN (0x4)

.ARM.extab
 *(.ARM.extab* .gnu.linkonce.armextab.*)
                0x1000ae08                        __exidx_start = .

.ARM.exidx      0x1000ae08        0x8
 *(.ARM.exidx* .gnu.linkonce.armexidx.*)
 .ARM.exidx     0x1000ae08        0x8 C:/Users/mathi/.pico-sdk/toolchain/14_2_Rel1/bin/../lib/gcc/arm-none-eabi/14.2.1/thumb/v8-m.main+fp/softfp\libg.a(libc_a-memcpy.o)
 .ARM.exidx.text.__udivmoddi4
                0x1000ae10        0x0 C:/Users/mathi/.pico-sdk/toolchain/14_2_Rel1/bin/../lib/gcc/arm-none-eabi/14.2.1/thumb/v8-m.main+fp/softfp\libgcc.a(_udivmoddi4.o)
                                  0x8 (size before relaxing)
                0x1000ae10                        __exidx_end = .
                0x1000ae10                        . = ALIGN (0x4)
                0x1000ae10                        __binary_info_start = .

.binary_info    0x1000ae10       0x28
 *(.binary_info.keep.*)
 .binary_info.keep.__bi_ptr84
                0x1000ae10        0x4 main/CMakeFiles/pico_emb.dir/C_/Users/mathi/.pico-sdk/sdk/2.2.0/src/rp2_common/pico_standard_binary_info/standard_binary_info.c.obj
 .binary_info.keep.__bi_ptr78
                0x1000ae14        0x4 main/CMakeFiles/pico_emb.dir/C_/Users/mathi/.pico-sdk/sdk/2.2.0/src/rp2_common/pico_standard_binary_info/standard_binary_info.c.obj
 .binary_info.keep.__bi_ptr54
                0x1000ae18        0x4 main/CMakeFiles/pico_emb.dir/C_/Users/mathi/.pico-sdk/sdk/2.2.0/src/rp2_common/pico_standard_binary_info/standard_binary_info.c.obj
 .binary_info.keep.__bi_ptr48
                0x1000ae1c        0x4 main/CMakeFiles/pico_emb.dir/C_/Users/mathi/.pico-sdk/sdk/2.2.0/src/rp2_common/pico_standard_binary_info/standard_binary_info.c.obj
 .binary_info.keep.__bi_ptr42
                0x1000ae20        0x4 main/CMakeFiles/pico_emb.dir/C_/Users/mathi/.pico-sdk/sdk/2.2.0/src/rp2_common/pico_standard_binary_info/standard_binary_info.c.obj
 .binary_info.keep.__bi_ptr34
                0x1000ae24        0x4 main/CMakeFiles/pico_emb.dir/C_/Users/mathi/.pico-sdk/sdk/2.2.0/src/rp2_common/pico_standard_binary_info/standard_binary_info.c.obj
 .binary_info.keep.__bi_ptr26
                0x1000ae28        0x4 main/CMakeFiles/pico_emb.dir/C_/Users/mathi/.pico-sdk/sdk/2.2.0/src/rp2_common/pico_standard_binary_info/standard_binary_info.c.obj
 *(.binary_info.*)
 .binary_info.__bi_ptr50